23:33:54 **** Incremental Build of configuration Debug for project buttonpresstime ****
make -j16 all 
arm-none-eabi-gcc "../Core/Src/main.c" -mcpu=cortex-m4 -std=gnu11 -g3 -DDEBUG -DUSE_HAL_DRIVER -DSTM32F407xx -c -I../Core/Inc -I../Drivers/STM32F4xx_HAL_Driver/Inc -I../Drivers/STM32F4xx_HAL_Driver/Inc/Legacy -I../Drivers/CMSIS/Device/ST/STM32F4xx/Include -I../Drivers/CMSIS/Include -O0 -ffunction-sections -fdata-sections -Wall -fstack-usage -MMD -MP -MF"Core/Src/main.d" -MT"Core/Src/main.o" --specs=nano.specs -mfpu=fpv4-sp-d16 -mfloat-abi=hard -mthumb -o "Core/Src/main.o"
arm-none-eabi-gcc -o "buttonpresstime.elf" @"objects.list"   -mcpu=cortex-m4 -T"C:\Users\gsahinpi\Documents\github\Fall2022EE242\workspacefall2022\buttonpresstime\STM32F407VGTX_FLASH.ld" --specs=nosys.specs -Wl,-Map="buttonpresstime.map" -Wl,--gc-sections -static --specs=nano.specs -mfpu=fpv4-sp-d16 -mfloat-abi=hard -mthumb -Wl,--start-group -lc -lm -Wl,--end-group
Finished building target: buttonpresstime.elf
 
arm-none-eabi-size   buttonpresstime.elf 
arm-none-eabi-objdump -h -S  buttonpresstime.elf  > "buttonpresstime.list"
   text	   data	    bss	    dec	    hex	filename
   8172	     20	   1716	   9908	   26b4	buttonpresstime.elf
Finished building: default.size.stdout
 
Finished building: buttonpresstime.list
 

23:33:55 Build Finished. 0 errors, 0 warnings. (took 809ms)

