12:26:12 **** Incremental Build of configuration Debug for project usbconnect2 ****
make -j16 all 
arm-none-eabi-gcc "../Core/Src/main.c" -mcpu=cortex-m4 -std=gnu11 -g3 -DDEBUG -DUSE_HAL_DRIVER -DSTM32F407xx -c -I../Core/Inc -I../Drivers/STM32F4xx_HAL_Driver/Inc -I../Drivers/STM32F4xx_HAL_Driver/Inc/Legacy -I../Drivers/CMSIS/Device/ST/STM32F4xx/Include -I../Drivers/CMSIS/Include -I../USB_DEVICE/App -I../USB_DEVICE/Target -I../Middlewares/ST/STM32_USB_Device_Library/Core/Inc -I../Middlewares/ST/STM32_USB_Device_Library/Class/CDC/Inc -O0 -ffunction-sections -fdata-sections -Wall -fstack-usage -MMD -MP -MF"Core/Src/main.d" -MT"Core/Src/main.o" --specs=nano.specs -mfpu=fpv4-sp-d16 -mfloat-abi=hard -mthumb -o "Core/Src/main.o"
../Core/Src/main.c: In function 'main':
../Core/Src/main.c:111:19: warning: pointer targets in passing argument 1 of 'CDC_Transmit_FS' differ in signedness [-Wpointer-sign]
  111 |   CDC_Transmit_FS("hello", strlen("hello"));
      |                   ^~~~~~~
      |                   |
      |                   char *
In file included from ../Core/Src/main.c:25:
../USB_DEVICE/App/usbd_cdc_if.h:108:34: note: expected 'uint8_t *' {aka 'unsigned char *'} but argument is of type 'char *'
  108 | uint8_t CDC_Transmit_FS(uint8_t* Buf, uint16_t Len);
      |                         ~~~~~~~~~^~~
../Core/Src/main.c:150:19: warning: pointer targets in passing argument 1 of 'snprintf' differ in signedness [-Wpointer-sign]
  150 |          snprintf(charbuff,sizeof(charbuff),"%d,%d\n", timebetweenbutton+periodcount*65532,timinbuttonpress );
      |                   ^~~~~~~~
      |                   |
      |                   uint8_t * {aka unsigned char *}
In file included from ../USB_DEVICE/Target/usbd_conf.h:30,
                 from ../Middlewares/ST/STM32_USB_Device_Library/Core/Inc/usbd_def.h:28,
                 from ../USB_DEVICE/App/usb_device.h:32,
                 from ../Core/Src/main.c:21:
c:\st\stm32cubeide_1.8.0\stm32cubeide\plugins\com.st.stm32cube.ide.mcu.externaltools.gnu-tools-for-stm32.10.3-2021.10.win32_1.0.100.202210260954\tools\arm-none-eabi\include\stdio.h:266:15: note: expected 'char * restrict' but argument is of type 'uint8_t *' {aka 'unsigned char *'}
  266 | int snprintf (char *__restrict, size_t, const char *__restrict, ...)
      |               ^
../Core/Src/main.c:150:47: warning: format '%d' expects argument of type 'int', but argument 4 has type 'long unsigned int' [-Wformat=]
  150 |          snprintf(charbuff,sizeof(charbuff),"%d,%d\n", timebetweenbutton+periodcount*65532,timinbuttonpress );
      |                                              ~^        ~~~~~~~~~~~~~~~~~~~~~~~~~~~~~~~~~~~
      |                                               |                         |
      |                                               int                       long unsigned int
      |                                              %ld
../Core/Src/main.c:150:50: warning: format '%d' expects argument of type 'int', but argument 5 has type 'uint32_t' {aka 'long unsigned int'} [-Wformat=]
  150 |          snprintf(charbuff,sizeof(charbuff),"%d,%d\n", timebetweenbutton+periodcount*65532,timinbuttonpress );
      |                                                 ~^                                         ~~~~~~~~~~~~~~~~
      |                                                  |                                         |
      |                                                  int                                       uint32_t {aka long unsigned int}
      |                                                 %ld
../Core/Src/main.c:151:44: warning: pointer targets in passing argument 1 of 'strlen' differ in signedness [-Wpointer-sign]
  151 |           CDC_Transmit_FS(charbuff, strlen(charbuff));
      |                                            ^~~~~~~~
      |                                            |
      |                                            uint8_t * {aka unsigned char *}
In file included from ../USB_DEVICE/Target/usbd_conf.h:32,
                 from ../Middlewares/ST/STM32_USB_Device_Library/Core/Inc/usbd_def.h:28,
                 from ../USB_DEVICE/App/usb_device.h:32,
                 from ../Core/Src/main.c:21:
c:\st\stm32cubeide_1.8.0\stm32cubeide\plugins\com.st.stm32cube.ide.mcu.externaltools.gnu-tools-for-stm32.10.3-2021.10.win32_1.0.100.202210260954\tools\arm-none-eabi\include\string.h:41:17: note: expected 'const char *' but argument is of type 'uint8_t *' {aka 'unsigned char *'}
   41 | size_t  strlen (const char *);
      |                 ^~~~~~~~~~~~
../Core/Src/main.c:161:17: warning: pointer targets in passing argument 1 of 'strcmp' differ in signedness [-Wpointer-sign]
  161 |     if (!strcmp(externbuffer,"orangeon"))
      |                 ^~~~~~~~~~~~
      |                 |
      |                 uint8_t * {aka unsigned char *}
In file included from ../USB_DEVICE/Target/usbd_conf.h:32,
                 from ../Middlewares/ST/STM32_USB_Device_Library/Core/Inc/usbd_def.h:28,
                 from ../USB_DEVICE/App/usb_device.h:32,
                 from ../Core/Src/main.c:21:
c:\st\stm32cubeide_1.8.0\stm32cubeide\plugins\com.st.stm32cube.ide.mcu.externaltools.gnu-tools-for-stm32.10.3-2021.10.win32_1.0.100.202210260954\tools\arm-none-eabi\include\string.h:36:14: note: expected 'const char *' but argument is of type 'uint8_t *' {aka 'unsigned char *'}
   36 | int  strcmp (const char *, const char *);
      |              ^~~~~~~~~~~~
../Core/Src/main.c:166:20: warning: pointer targets in passing argument 1 of 'strcmp' differ in signedness [-Wpointer-sign]
  166 |        if (!strcmp(externbuffer,"orangeof"))
      |                    ^~~~~~~~~~~~
      |                    |
      |                    uint8_t * {aka unsigned char *}
In file included from ../USB_DEVICE/Target/usbd_conf.h:32,
                 from ../Middlewares/ST/STM32_USB_Device_Library/Core/Inc/usbd_def.h:28,
                 from ../USB_DEVICE/App/usb_device.h:32,
                 from ../Core/Src/main.c:21:
c:\st\stm32cubeide_1.8.0\stm32cubeide\plugins\com.st.stm32cube.ide.mcu.externaltools.gnu-tools-for-stm32.10.3-2021.10.win32_1.0.100.202210260954\tools\arm-none-eabi\include\string.h:36:14: note: expected 'const char *' but argument is of type 'uint8_t *' {aka 'unsigned char *'}
   36 | int  strcmp (const char *, const char *);
      |              ^~~~~~~~~~~~
../Core/Src/main.c:171:20: warning: pointer targets in passing argument 1 of 'strcmp' differ in signedness [-Wpointer-sign]
  171 |        if (!strcmp(externbuffer,"redof"))
      |                    ^~~~~~~~~~~~
      |                    |
      |                    uint8_t * {aka unsigned char *}
In file included from ../USB_DEVICE/Target/usbd_conf.h:32,
                 from ../Middlewares/ST/STM32_USB_Device_Library/Core/Inc/usbd_def.h:28,
                 from ../USB_DEVICE/App/usb_device.h:32,
                 from ../Core/Src/main.c:21:
c:\st\stm32cubeide_1.8.0\stm32cubeide\plugins\com.st.stm32cube.ide.mcu.externaltools.gnu-tools-for-stm32.10.3-2021.10.win32_1.0.100.202210260954\tools\arm-none-eabi\include\string.h:36:14: note: expected 'const char *' but argument is of type 'uint8_t *' {aka 'unsigned char *'}
   36 | int  strcmp (const char *, const char *);
      |              ^~~~~~~~~~~~
../Core/Src/main.c:176:20: warning: pointer targets in passing argument 1 of 'strcmp' differ in signedness [-Wpointer-sign]
  176 |        if (!strcmp(externbuffer,"redon"))
      |                    ^~~~~~~~~~~~
      |                    |
      |                    uint8_t * {aka unsigned char *}
In file included from ../USB_DEVICE/Target/usbd_conf.h:32,
                 from ../Middlewares/ST/STM32_USB_Device_Library/Core/Inc/usbd_def.h:28,
                 from ../USB_DEVICE/App/usb_device.h:32,
                 from ../Core/Src/main.c:21:
c:\st\stm32cubeide_1.8.0\stm32cubeide\plugins\com.st.stm32cube.ide.mcu.externaltools.gnu-tools-for-stm32.10.3-2021.10.win32_1.0.100.202210260954\tools\arm-none-eabi\include\string.h:36:14: note: expected 'const char *' but argument is of type 'uint8_t *' {aka 'unsigned char *'}
   36 | int  strcmp (const char *, const char *);
      |              ^~~~~~~~~~~~
arm-none-eabi-gcc -o "usbconnect2.elf" @"objects.list"   -mcpu=cortex-m4 -T"C:\Users\gsahinpi\Documents\github\Fall2022EE242\workspacefall2022\usbconnect2\STM32F407VGTX_FLASH.ld" --specs=nosys.specs -Wl,-Map="usbconnect2.map" -Wl,--gc-sections -static --specs=nano.specs -mfpu=fpv4-sp-d16 -mfloat-abi=hard -mthumb -u _printf_float -Wl,--start-group -lc -lm -Wl,--end-group
Finished building target: usbconnect2.elf
 
arm-none-eabi-size   usbconnect2.elf 
arm-none-eabi-objdump -h -S  usbconnect2.elf  > "usbconnect2.list"
   text	   data	    bss	    dec	    hex	filename
  46760	    724	   9068	  56552	   dce8	usbconnect2.elf
Finished building: default.size.stdout
 
Finished building: usbconnect2.list
 

12:26:13 Build Finished. 0 errors, 9 warnings. (took 1s.61ms)

