Archive member included to satisfy reference by file (symbol)

c:/st/stm32cubeide_1.8.0/stm32cubeide/plugins/com.st.stm32cube.ide.mcu.externaltools.gnu-tools-for-stm32.10.3-2021.10.win32_1.0.100.202210260954/tools/bin/../lib/gcc/arm-none-eabi/10.3.1/../../../../arm-none-eabi/lib/thumb/v7e-m+fp/hard\libc_nano.a(lib_a-errno.o)
                              ./Core/Src/syscalls.o (__errno)
c:/st/stm32cubeide_1.8.0/stm32cubeide/plugins/com.st.stm32cube.ide.mcu.externaltools.gnu-tools-for-stm32.10.3-2021.10.win32_1.0.100.202210260954/tools/bin/../lib/gcc/arm-none-eabi/10.3.1/../../../../arm-none-eabi/lib/thumb/v7e-m+fp/hard\libc_nano.a(lib_a-exit.o)
                              c:/st/stm32cubeide_1.8.0/stm32cubeide/plugins/com.st.stm32cube.ide.mcu.externaltools.gnu-tools-for-stm32.10.3-2021.10.win32_1.0.100.202210260954/tools/bin/../lib/gcc/arm-none-eabi/10.3.1/../../../../arm-none-eabi/lib/thumb/v7e-m+fp/hard/crt0.o (exit)
c:/st/stm32cubeide_1.8.0/stm32cubeide/plugins/com.st.stm32cube.ide.mcu.externaltools.gnu-tools-for-stm32.10.3-2021.10.win32_1.0.100.202210260954/tools/bin/../lib/gcc/arm-none-eabi/10.3.1/../../../../arm-none-eabi/lib/thumb/v7e-m+fp/hard\libc_nano.a(lib_a-impure.o)
                              c:/st/stm32cubeide_1.8.0/stm32cubeide/plugins/com.st.stm32cube.ide.mcu.externaltools.gnu-tools-for-stm32.10.3-2021.10.win32_1.0.100.202210260954/tools/bin/../lib/gcc/arm-none-eabi/10.3.1/../../../../arm-none-eabi/lib/thumb/v7e-m+fp/hard\libc_nano.a(lib_a-exit.o) (_global_impure_ptr)
c:/st/stm32cubeide_1.8.0/stm32cubeide/plugins/com.st.stm32cube.ide.mcu.externaltools.gnu-tools-for-stm32.10.3-2021.10.win32_1.0.100.202210260954/tools/bin/../lib/gcc/arm-none-eabi/10.3.1/../../../../arm-none-eabi/lib/thumb/v7e-m+fp/hard\libc_nano.a(lib_a-init.o)
                              c:/st/stm32cubeide_1.8.0/stm32cubeide/plugins/com.st.stm32cube.ide.mcu.externaltools.gnu-tools-for-stm32.10.3-2021.10.win32_1.0.100.202210260954/tools/bin/../lib/gcc/arm-none-eabi/10.3.1/../../../../arm-none-eabi/lib/thumb/v7e-m+fp/hard/crt0.o (__libc_init_array)
c:/st/stm32cubeide_1.8.0/stm32cubeide/plugins/com.st.stm32cube.ide.mcu.externaltools.gnu-tools-for-stm32.10.3-2021.10.win32_1.0.100.202210260954/tools/bin/../lib/gcc/arm-none-eabi/10.3.1/../../../../arm-none-eabi/lib/thumb/v7e-m+fp/hard\libc_nano.a(lib_a-memset.o)
                              c:/st/stm32cubeide_1.8.0/stm32cubeide/plugins/com.st.stm32cube.ide.mcu.externaltools.gnu-tools-for-stm32.10.3-2021.10.win32_1.0.100.202210260954/tools/bin/../lib/gcc/arm-none-eabi/10.3.1/../../../../arm-none-eabi/lib/thumb/v7e-m+fp/hard/crt0.o (memset)
c:/st/stm32cubeide_1.8.0/stm32cubeide/plugins/com.st.stm32cube.ide.mcu.externaltools.gnu-tools-for-stm32.10.3-2021.10.win32_1.0.100.202210260954/tools/bin/../lib/gcc/arm-none-eabi/10.3.1/../../../../arm-none-eabi/lib/thumb/v7e-m+fp/hard\libc_nano.a(lib_a-strcpy.o)
                              ./USB_DEVICE/App/usbd_cdc_if.o (strcpy)
c:/st/stm32cubeide_1.8.0/stm32cubeide/plugins/com.st.stm32cube.ide.mcu.externaltools.gnu-tools-for-stm32.10.3-2021.10.win32_1.0.100.202210260954/tools/bin/../lib/gcc/arm-none-eabi/10.3.1/thumb/v7e-m+fp/hard\libgcc.a(_aeabi_uldivmod.o)
                              ./Drivers/STM32F4xx_HAL_Driver/Src/stm32f4xx_hal_rcc.o (__aeabi_uldivmod)
c:/st/stm32cubeide_1.8.0/stm32cubeide/plugins/com.st.stm32cube.ide.mcu.externaltools.gnu-tools-for-stm32.10.3-2021.10.win32_1.0.100.202210260954/tools/bin/../lib/gcc/arm-none-eabi/10.3.1/thumb/v7e-m+fp/hard\libgcc.a(_udivmoddi4.o)
                              c:/st/stm32cubeide_1.8.0/stm32cubeide/plugins/com.st.stm32cube.ide.mcu.externaltools.gnu-tools-for-stm32.10.3-2021.10.win32_1.0.100.202210260954/tools/bin/../lib/gcc/arm-none-eabi/10.3.1/thumb/v7e-m+fp/hard\libgcc.a(_aeabi_uldivmod.o) (__udivmoddi4)
c:/st/stm32cubeide_1.8.0/stm32cubeide/plugins/com.st.stm32cube.ide.mcu.externaltools.gnu-tools-for-stm32.10.3-2021.10.win32_1.0.100.202210260954/tools/bin/../lib/gcc/arm-none-eabi/10.3.1/thumb/v7e-m+fp/hard\libgcc.a(_dvmd_tls.o)
                              c:/st/stm32cubeide_1.8.0/stm32cubeide/plugins/com.st.stm32cube.ide.mcu.externaltools.gnu-tools-for-stm32.10.3-2021.10.win32_1.0.100.202210260954/tools/bin/../lib/gcc/arm-none-eabi/10.3.1/thumb/v7e-m+fp/hard\libgcc.a(_aeabi_uldivmod.o) (__aeabi_ldiv0)

Discarded input sections

 .text          0x0000000000000000        0x0 c:/st/stm32cubeide_1.8.0/stm32cubeide/plugins/com.st.stm32cube.ide.mcu.externaltools.gnu-tools-for-stm32.10.3-2021.10.win32_1.0.100.202210260954/tools/bin/../lib/gcc/arm-none-eabi/10.3.1/thumb/v7e-m+fp/hard/crti.o
 .data          0x0000000000000000        0x0 c:/st/stm32cubeide_1.8.0/stm32cubeide/plugins/com.st.stm32cube.ide.mcu.externaltools.gnu-tools-for-stm32.10.3-2021.10.win32_1.0.100.202210260954/tools/bin/../lib/gcc/arm-none-eabi/10.3.1/thumb/v7e-m+fp/hard/crti.o
[...]
Memory Configuration

Name             Origin             Length             Attributes
CCMRAM           0x0000000010000000 0x0000000000010000 xrw
RAM              0x0000000020000000 0x0000000000020000 xrw
FLASH            0x0000000008000000 0x0000000000100000 xr
*default*        0x0000000000000000 0xffffffffffffffff

Linker script and memory map

LOAD c:/st/stm32cubeide_1.8.0/stm32cubeide/plugins/com.st.stm32cube.ide.mcu.externaltools.gnu-tools-for-stm32.10.3-2021.10.win32_1.0.100.202210260954/tools/bin/../lib/gcc/arm-none-eabi/10.3.1/thumb/v7e-m+fp/hard/crti.o
LOAD c:/st/stm32cubeide_1.8.0/stm32cubeide/plugins/com.st.stm32cube.ide.mcu.externaltools.gnu-tools-for-stm32.10.3-2021.10.win32_1.0.100.202210260954/tools/bin/../lib/gcc/arm-none-eabi/10.3.1/thumb/v7e-m+fp/hard/crtbegin.o
LOAD c:/st/stm32cubeide_1.8.0/stm32cubeide/plugins/com.st.stm32cube.ide.mcu.externaltools.gnu-tools-for-stm32.10.3-2021.10.win32_1.0.100.202210260954/tools/bin/../lib/gcc/arm-none-eabi/10.3.1/../../../../arm-none-eabi/lib/thumb/v7e-m+fp/hard/crt0.o
LOAD ./Core/Src/main.o
LOAD ./Core/Src/stm32f4xx_hal_msp.o
LOAD ./Core/Src/stm32f4xx_it.o
LOAD ./Core/Src/syscalls.o
LOAD ./Core/Src/sysmem.o
LOAD ./Core/Src/system_stm32f4xx.o
LOAD ./Core/Startup/startup_stm32f407vgtx.o
LOAD ./Drivers/STM32F4xx_HAL_Driver/Src/stm32f4xx_hal.o
LOAD ./Drivers/STM32F4xx_HAL_Driver/Src/stm32f4xx_hal_cortex.o
LOAD ./Drivers/STM32F4xx_HAL_Driver/Src/stm32f4xx_hal_dma.o
LOAD ./Drivers/STM32F4xx_HAL_Driver/Src/stm32f4xx_hal_dma_ex.o
LOAD ./Drivers/STM32F4xx_HAL_Driver/Src/stm32f4xx_hal_exti.o
LOAD ./Drivers/STM32F4xx_HAL_Driver/Src/stm32f4xx_hal_flash.o
LOAD ./Drivers/STM32F4xx_HAL_Driver/Src/stm32f4xx_hal_flash_ex.o
LOAD ./Drivers/STM32F4xx_HAL_Driver/Src/stm32f4xx_hal_flash_ramfunc.o
LOAD ./Drivers/STM32F4xx_HAL_Driver/Src/stm32f4xx_hal_gpio.o
LOAD ./Drivers/STM32F4xx_HAL_Driver/Src/stm32f4xx_hal_pcd.o
LOAD ./Drivers/STM32F4xx_HAL_Driver/Src/stm32f4xx_hal_pcd_ex.o
LOAD ./Drivers/STM32F4xx_HAL_Driver/Src/stm32f4xx_hal_pwr.o
LOAD ./Drivers/STM32F4xx_HAL_Driver/Src/stm32f4xx_hal_pwr_ex.o
LOAD ./Drivers/STM32F4xx_HAL_Driver/Src/stm32f4xx_hal_rcc.o
LOAD ./Drivers/STM32F4xx_HAL_Driver/Src/stm32f4xx_hal_rcc_ex.o
LOAD ./Drivers/STM32F4xx_HAL_Driver/Src/stm32f4xx_hal_tim.o
LOAD ./Drivers/STM32F4xx_HAL_Driver/Src/stm32f4xx_hal_tim_ex.o
LOAD ./Drivers/STM32F4xx_HAL_Driver/Src/stm32f4xx_ll_usb.o
LOAD ./Middlewares/ST/STM32_USB_Device_Library/Class/CDC/Src/usbd_cdc.o
LOAD ./Middlewares/ST/STM32_USB_Device_Library/Core/Src/usbd_core.o
LOAD ./Middlewares/ST/STM32_USB_Device_Library/Core/Src/usbd_ctlreq.o
LOAD ./Middlewares/ST/STM32_USB_Device_Library/Core/Src/usbd_ioreq.o
LOAD ./USB_DEVICE/App/usb_device.o
LOAD ./USB_DEVICE/App/usbd_cdc_if.o
LOAD ./USB_DEVICE/App/usbd_desc.o
LOAD ./USB_DEVICE/Target/usbd_conf.o
START GROUP
LOAD c:/st/stm32cubeide_1.8.0/stm32cubeide/plugins/com.st.stm32cube.ide.mcu.externaltools.gnu-tools-for-stm32.10.3-2021.10.win32_1.0.100.202210260954/tools/bin/../lib/gcc/arm-none-eabi/10.3.1/../../../../arm-none-eabi/lib/thumb/v7e-m+fp/hard\libc_nano.a
LOAD c:/st/stm32cubeide_1.8.0/stm32cubeide/plugins/com.st.stm32cube.ide.mcu.externaltools.gnu-tools-for-stm32.10.3-2021.10.win32_1.0.100.202210260954/tools/bin/../lib/gcc/arm-none-eabi/10.3.1/../../../../arm-none-eabi/lib/thumb/v7e-m+fp/hard\libm.a
END GROUP
START GROUP
LOAD c:/st/stm32cubeide_1.8.0/stm32cubeide/plugins/com.st.stm32cube.ide.mcu.externaltools.gnu-tools-for-stm32.10.3-2021.10.win32_1.0.100.202210260954/tools/bin/../lib/gcc/arm-none-eabi/10.3.1/thumb/v7e-m+fp/hard\libgcc.a
LOAD c:/st/stm32cubeide_1.8.0/stm32cubeide/plugins/com.st.stm32cube.ide.mcu.externaltools.gnu-tools-for-stm32.10.3-2021.10.win32_1.0.100.202210260954/tools/bin/../lib/gcc/arm-none-eabi/10.3.1/../../../../arm-none-eabi/lib/thumb/v7e-m+fp/hard\libc_nano.a
END GROUP
START GROUP
LOAD c:/st/stm32cubeide_1.8.0/stm32cubeide/plugins/com.st.stm32cube.ide.mcu.externaltools.gnu-tools-for-stm32.10.3-2021.10.win32_1.0.100.202210260954/tools/bin/../lib/gcc/arm-none-eabi/10.3.1/thumb/v7e-m+fp/hard\libgcc.a
LOAD c:/st/stm32cubeide_1.8.0/stm32cubeide/plugins/com.st.stm32cube.ide.mcu.externaltools.gnu-tools-for-stm32.10.3-2021.10.win32_1.0.100.202210260954/tools/bin/../lib/gcc/arm-none-eabi/10.3.1/../../../../arm-none-eabi/lib/thumb/v7e-m+fp/hard\libc_nano.a
LOAD c:/st/stm32cubeide_1.8.0/stm32cubeide/plugins/com.st.stm32cube.ide.mcu.externaltools.gnu-tools-for-stm32.10.3-2021.10.win32_1.0.100.202210260954/tools/bin/../lib/gcc/arm-none-eabi/10.3.1/../../../../arm-none-eabi/lib/thumb/v7e-m+fp/hard\libnosys.a
END GROUP
START GROUP
LOAD c:/st/stm32cubeide_1.8.0/stm32cubeide/plugins/com.st.stm32cube.ide.mcu.externaltools.gnu-tools-for-stm32.10.3-2021.10.win32_1.0.100.202210260954/tools/bin/../lib/gcc/arm-none-eabi/10.3.1/thumb/v7e-m+fp/hard\libgcc.a
LOAD c:/st/stm32cubeide_1.8.0/stm32cubeide/plugins/com.st.stm32cube.ide.mcu.externaltools.gnu-tools-for-stm32.10.3-2021.10.win32_1.0.100.202210260954/tools/bin/../lib/gcc/arm-none-eabi/10.3.1/../../../../arm-none-eabi/lib/thumb/v7e-m+fp/hard\libc_nano.a
LOAD c:/st/stm32cubeide_1.8.0/stm32cubeide/plugins/com.st.stm32cube.ide.mcu.externaltools.gnu-tools-for-stm32.10.3-2021.10.win32_1.0.100.202210260954/tools/bin/../lib/gcc/arm-none-eabi/10.3.1/../../../../arm-none-eabi/lib/thumb/v7e-m+fp/hard\libnosys.a
END GROUP
LOAD c:/st/stm32cubeide_1.8.0/stm32cubeide/plugins/com.st.stm32cube.ide.mcu.externaltools.gnu-tools-for-stm32.10.3-2021.10.win32_1.0.100.202210260954/tools/bin/../lib/gcc/arm-none-eabi/10.3.1/thumb/v7e-m+fp/hard/crtend.o
LOAD c:/st/stm32cubeide_1.8.0/stm32cubeide/plugins/com.st.stm32cube.ide.mcu.externaltools.gnu-tools-for-stm32.10.3-2021.10.win32_1.0.100.202210260954/tools/bin/../lib/gcc/arm-none-eabi/10.3.1/thumb/v7e-m+fp/hard/crtn.o
                0x0000000020020000                _estack = (ORIGIN (RAM) + LENGTH (RAM))
                0x0000000000000200                _Min_Heap_Size = 0x200
                0x0000000000000400                _Min_Stack_Size = 0x400

.isr_vector     0x0000000008000000      0x188
                0x0000000008000000                . = ALIGN (0x4)
 *(.isr_vector)
 .isr_vector    0x0000000008000000      0x188 ./Core/Startup/startup_stm32f407vgtx.o
                0x0000000008000000                g_pfnVectors
                0x0000000008000188                . = ALIGN (0x4)

.text           0x0000000008000188     0x6d4c
                0x0000000008000188                . = ALIGN (0x4)
 *(.text)
 .text          0x0000000008000188       0x40 c:/st/stm32cubeide_1.8.0/stm32cubeide/plugins/com.st.stm32cube.ide.mcu.externaltools.gnu-tools-for-stm32.10.3-2021.10.win32_1.0.100.202210260954/tools/bin/../lib/gcc/arm-none-eabi/10.3.1/thumb/v7e-m+fp/hard/crtbegin.o
 .text          0x00000000080001c8       0x30 c:/st/stm32cubeide_1.8.0/stm32cubeide/plugins/com.st.stm32cube.ide.mcu.externaltools.gnu-tools-for-stm32.10.3-2021.10.win32_1.0.100.202210260954/tools/bin/../lib/gcc/arm-none-eabi/10.3.1/thumb/v7e-m+fp/hard\libgcc.a(_aeabi_uldivmod.o)
                0x00000000080001c8                __aeabi_uldivmod
 .text          0x00000000080001f8      0x2d0 c:/st/stm32cubeide_1.8.0/stm32cubeide/plugins/com.st.stm32cube.ide.mcu.externaltools.gnu-tools-for-stm32.10.3-2021.10.win32_1.0.100.202210260954/tools/bin/../lib/gcc/arm-none-eabi/10.3.1/thumb/v7e-m+fp/hard\libgcc.a(_udivmoddi4.o)
                0x00000000080001f8                __udivmoddi4
 .text          0x00000000080004c8        0x4 c:/st/stm32cubeide_1.8.0/stm32cubeide/plugins/com.st.stm32cube.ide.mcu.externaltools.gnu-tools-for-stm32.10.3-2021.10.win32_1.0.100.202210260954/tools/bin/../lib/gcc/arm-none-eabi/10.3.1/thumb/v7e-m+fp/hard\libgcc.a(_dvmd_tls.o)
                0x00000000080004c8                __aeabi_idiv0
                0x00000000080004c8                __aeabi_ldiv0
 *(.text*)
 .text.main     0x00000000080004cc       0x38 ./Core/Src/main.o
                0x00000000080004cc                main
 .text.SystemClock_Config
                0x0000000008000504       0xd4 ./Core/Src/main.o
                0x0000000008000504                SystemClock_Config
 .text.MX_GPIO_Init
                0x00000000080005d8       0x6c ./Core/Src/main.o
 .text.Error_Handler
                0x0000000008000644        0xa ./Core/Src/main.o
                0x0000000008000644                Error_Handler
 *fill*         0x000000000800064e        0x2 
 .text.HAL_MspInit
                0x0000000008000650       0x50 ./Core/Src/stm32f4xx_hal_msp.o
                0x0000000008000650                HAL_MspInit
 .text.NMI_Handler
                0x00000000080006a0        0x6 ./Core/Src/stm32f4xx_it.o
                0x00000000080006a0                NMI_Handler
 .text.HardFault_Handler
                0x00000000080006a6        0x6 ./Core/Src/stm32f4xx_it.o
                0x00000000080006a6                HardFault_Handler
 .text.MemManage_Handler
                0x00000000080006ac        0x6 ./Core/Src/stm32f4xx_it.o
                0x00000000080006ac                MemManage_Handler
 .text.BusFault_Handler
                0x00000000080006b2        0x6 ./Core/Src/stm32f4xx_it.o
                0x00000000080006b2                BusFault_Handler
 .text.UsageFault_Handler
                0x00000000080006b8        0x6 ./Core/Src/stm32f4xx_it.o
                0x00000000080006b8                UsageFault_Handler
 .text.SVC_Handler
                0x00000000080006be        0xe ./Core/Src/stm32f4xx_it.o
                0x00000000080006be                SVC_Handler
 .text.DebugMon_Handler
                0x00000000080006cc        0xe ./Core/Src/stm32f4xx_it.o
                0x00000000080006cc                DebugMon_Handler
 .text.PendSV_Handler
                0x00000000080006da        0xe ./Core/Src/stm32f4xx_it.o
                0x00000000080006da                PendSV_Handler
 .text.SysTick_Handler
                0x00000000080006e8        0xc ./Core/Src/stm32f4xx_it.o
                0x00000000080006e8                SysTick_Handler
 .text.OTG_FS_IRQHandler
                0x00000000080006f4       0x14 ./Core/Src/stm32f4xx_it.o
                0x00000000080006f4                OTG_FS_IRQHandler
 .text.SystemInit
                0x0000000008000708       0x24 ./Core/Src/system_stm32f4xx.o
                0x0000000008000708                SystemInit
 .text.Reset_Handler
                0x000000000800072c       0x50 ./Core/Startup/startup_stm32f407vgtx.o
                0x000000000800072c                Reset_Handler
 .text.Default_Handler
                0x000000000800077c        0x2 ./Core/Startup/startup_stm32f407vgtx.o
                0x000000000800077c                RTC_Alarm_IRQHandler
                0x000000000800077c                HASH_RNG_IRQHandler
                0x000000000800077c                EXTI2_IRQHandler
                0x000000000800077c                TIM8_CC_IRQHandler
                0x000000000800077c                TIM1_CC_IRQHandler
                0x000000000800077c                DMA2_Stream5_IRQHandler
                0x000000000800077c                DMA1_Stream5_IRQHandler
                0x000000000800077c                PVD_IRQHandler
                0x000000000800077c                SDIO_IRQHandler
                0x000000000800077c                TAMP_STAMP_IRQHandler
                0x000000000800077c                CAN2_RX1_IRQHandler
                0x000000000800077c                EXTI3_IRQHandler
                0x000000000800077c                TIM8_TRG_COM_TIM14_IRQHandler
                0x000000000800077c                TIM1_UP_TIM10_IRQHandler
                0x000000000800077c                TIM8_UP_TIM13_IRQHandler
                0x000000000800077c                I2C3_ER_IRQHandler
                0x000000000800077c                EXTI0_IRQHandler
                0x000000000800077c                I2C2_EV_IRQHandler
                0x000000000800077c                DMA1_Stream2_IRQHandler
                0x000000000800077c                CAN1_RX0_IRQHandler
                0x000000000800077c                FPU_IRQHandler
                0x000000000800077c                OTG_HS_WKUP_IRQHandler
                0x000000000800077c                CAN2_SCE_IRQHandler
                0x000000000800077c                DMA2_Stream2_IRQHandler
                0x000000000800077c                SPI1_IRQHandler
                0x000000000800077c                TIM6_DAC_IRQHandler
                0x000000000800077c                TIM1_BRK_TIM9_IRQHandler
                0x000000000800077c                DCMI_IRQHandler
                0x000000000800077c                CAN2_RX0_IRQHandler
                0x000000000800077c                DMA2_Stream3_IRQHandler
                0x000000000800077c                USART6_IRQHandler
                0x000000000800077c                USART3_IRQHandler
                0x000000000800077c                CAN1_RX1_IRQHandler
                0x000000000800077c                UART5_IRQHandler
                0x000000000800077c                DMA2_Stream0_IRQHandler
                0x000000000800077c                TIM4_IRQHandler
                0x000000000800077c                I2C1_EV_IRQHandler
                0x000000000800077c                DMA1_Stream6_IRQHandler
                0x000000000800077c                DMA1_Stream1_IRQHandler
                0x000000000800077c                UART4_IRQHandler
                0x000000000800077c                TIM3_IRQHandler
                0x000000000800077c                RCC_IRQHandler
                0x000000000800077c                TIM8_BRK_TIM12_IRQHandler
                0x000000000800077c                Default_Handler
                0x000000000800077c                EXTI15_10_IRQHandler
                0x000000000800077c                ADC_IRQHandler
                0x000000000800077c                DMA1_Stream7_IRQHandler
                0x000000000800077c                TIM7_IRQHandler
                0x000000000800077c                CAN2_TX_IRQHandler
                0x000000000800077c                TIM5_IRQHandler
                0x000000000800077c                DMA2_Stream7_IRQHandler
                0x000000000800077c                I2C3_EV_IRQHandler
                0x000000000800077c                EXTI9_5_IRQHandler
                0x000000000800077c                RTC_WKUP_IRQHandler
                0x000000000800077c                ETH_WKUP_IRQHandler
                0x000000000800077c                SPI2_IRQHandler
                0x000000000800077c                OTG_HS_EP1_IN_IRQHandler
                0x000000000800077c                DMA1_Stream0_IRQHandler
                0x000000000800077c                CAN1_TX_IRQHandler
                0x000000000800077c                EXTI4_IRQHandler
                0x000000000800077c                FSMC_IRQHandler
                0x000000000800077c                ETH_IRQHandler
                0x000000000800077c                OTG_HS_EP1_OUT_IRQHandler
                0x000000000800077c                WWDG_IRQHandler
                0x000000000800077c                TIM2_IRQHandler
                0x000000000800077c                OTG_FS_WKUP_IRQHandler
                0x000000000800077c                TIM1_TRG_COM_TIM11_IRQHandler
                0x000000000800077c                OTG_HS_IRQHandler
                0x000000000800077c                EXTI1_IRQHandler
                0x000000000800077c                USART2_IRQHandler
                0x000000000800077c                I2C2_ER_IRQHandler
                0x000000000800077c                DMA2_Stream1_IRQHandler
                0x000000000800077c                CAN1_SCE_IRQHandler
                0x000000000800077c                FLASH_IRQHandler
                0x000000000800077c                DMA2_Stream4_IRQHandler
                0x000000000800077c                USART1_IRQHandler
                0x000000000800077c                SPI3_IRQHandler
                0x000000000800077c                DMA1_Stream4_IRQHandler
                0x000000000800077c                I2C1_ER_IRQHandler
                0x000000000800077c                DMA2_Stream6_IRQHandler
                0x000000000800077c                DMA1_Stream3_IRQHandler
 *fill*         0x000000000800077e        0x2 
 .text.HAL_Init
                0x0000000008000780       0x44 ./Drivers/STM32F4xx_HAL_Driver/Src/stm32f4xx_hal.o
                0x0000000008000780                HAL_Init
 .text.HAL_InitTick
                0x00000000080007c4       0x60 ./Drivers/STM32F4xx_HAL_Driver/Src/stm32f4xx_hal.o
                0x00000000080007c4                HAL_InitTick
 .text.HAL_IncTick
                0x0000000008000824       0x28 ./Drivers/STM32F4xx_HAL_Driver/Src/stm32f4xx_hal.o
                0x0000000008000824                HAL_IncTick
 .text.HAL_GetTick
                0x000000000800084c       0x18 ./Drivers/STM32F4xx_HAL_Driver/Src/stm32f4xx_hal.o
                0x000000000800084c                HAL_GetTick
 .text.HAL_Delay
                0x0000000008000864       0x48 ./Drivers/STM32F4xx_HAL_Driver/Src/stm32f4xx_hal.o
                0x0000000008000864                HAL_Delay
 .text.__NVIC_SetPriorityGrouping
                0x00000000080008ac       0x48 ./Drivers/STM32F4xx_HAL_Driver/Src/stm32f4xx_hal_cortex.o
 .text.__NVIC_GetPriorityGrouping
                0x00000000080008f4       0x1c ./Drivers/STM32F4xx_HAL_Driver/Src/stm32f4xx_hal_cortex.o
 .text.__NVIC_EnableIRQ
                0x0000000008000910       0x3c ./Drivers/STM32F4xx_HAL_Driver/Src/stm32f4xx_hal_cortex.o
 .text.__NVIC_SetPriority
                0x000000000800094c       0x54 ./Drivers/STM32F4xx_HAL_Driver/Src/stm32f4xx_hal_cortex.o
 .text.NVIC_EncodePriority
                0x00000000080009a0       0x66 ./Drivers/STM32F4xx_HAL_Driver/Src/stm32f4xx_hal_cortex.o
 *fill*         0x0000000008000a06        0x2 
 .text.SysTick_Config
                0x0000000008000a08       0x44 ./Drivers/STM32F4xx_HAL_Driver/Src/stm32f4xx_hal_cortex.o
 .text.HAL_NVIC_SetPriorityGrouping
                0x0000000008000a4c       0x16 ./Drivers/STM32F4xx_HAL_Driver/Src/stm32f4xx_hal_cortex.o
                0x0000000008000a4c                HAL_NVIC_SetPriorityGrouping
 .text.HAL_NVIC_SetPriority
                0x0000000008000a62       0x38 ./Drivers/STM32F4xx_HAL_Driver/Src/stm32f4xx_hal_cortex.o
                0x0000000008000a62                HAL_NVIC_SetPriority
 .text.HAL_NVIC_EnableIRQ
                0x0000000008000a9a       0x1c ./Drivers/STM32F4xx_HAL_Driver/Src/stm32f4xx_hal_cortex.o
                0x0000000008000a9a                HAL_NVIC_EnableIRQ
 .text.HAL_SYSTICK_Config
                0x0000000008000ab6       0x18 ./Drivers/STM32F4xx_HAL_Driver/Src/stm32f4xx_hal_cortex.o
                0x0000000008000ab6                HAL_SYSTICK_Config
 *fill*         0x0000000008000ace        0x2 
 .text.HAL_GPIO_Init
                0x0000000008000ad0      0x338 ./Drivers/STM32F4xx_HAL_Driver/Src/stm32f4xx_hal_gpio.o
                0x0000000008000ad0                HAL_GPIO_Init
 .text.HAL_PCD_Init
                0x0000000008000e08      0x23a ./Drivers/STM32F4xx_HAL_Driver/Src/stm32f4xx_hal_pcd.o
                0x0000000008000e08                HAL_PCD_Init
 .text.HAL_PCD_Start
                0x0000000008001042       0x66 ./Drivers/STM32F4xx_HAL_Driver/Src/stm32f4xx_hal_pcd.o
                0x0000000008001042                HAL_PCD_Start
 .text.HAL_PCD_IRQHandler
                0x00000000080010a8      0x93e ./Drivers/STM32F4xx_HAL_Driver/Src/stm32f4xx_hal_pcd.o
                0x00000000080010a8                HAL_PCD_IRQHandler
 .text.HAL_PCD_SetAddress
                0x00000000080019e6       0x4a ./Drivers/STM32F4xx_HAL_Driver/Src/stm32f4xx_hal_pcd.o
                0x00000000080019e6                HAL_PCD_SetAddress
 .text.HAL_PCD_EP_Open
                0x0000000008001a30       0xd0 ./Drivers/STM32F4xx_HAL_Driver/Src/stm32f4xx_hal_pcd.o
                0x0000000008001a30                HAL_PCD_EP_Open
 .text.HAL_PCD_EP_Close
                0x0000000008001b00       0x94 ./Drivers/STM32F4xx_HAL_Driver/Src/stm32f4xx_hal_pcd.o
                0x0000000008001b00                HAL_PCD_EP_Close
 .text.HAL_PCD_EP_Receive
                0x0000000008001b94       0x96 ./Drivers/STM32F4xx_HAL_Driver/Src/stm32f4xx_hal_pcd.o
                0x0000000008001b94                HAL_PCD_EP_Receive
 .text.HAL_PCD_EP_GetRxCount
                0x0000000008001c2a       0x30 ./Drivers/STM32F4xx_HAL_Driver/Src/stm32f4xx_hal_pcd.o
                0x0000000008001c2a                HAL_PCD_EP_GetRxCount
 .text.HAL_PCD_EP_Transmit
                0x0000000008001c5a       0x94 ./Drivers/STM32F4xx_HAL_Driver/Src/stm32f4xx_hal_pcd.o
                0x0000000008001c5a                HAL_PCD_EP_Transmit
 .text.HAL_PCD_EP_SetStall
                0x0000000008001cee       0xc8 ./Drivers/STM32F4xx_HAL_Driver/Src/stm32f4xx_hal_pcd.o
                0x0000000008001cee                HAL_PCD_EP_SetStall
 .text.HAL_PCD_EP_ClrStall
                0x0000000008001db6       0xac ./Drivers/STM32F4xx_HAL_Driver/Src/stm32f4xx_hal_pcd.o
                0x0000000008001db6                HAL_PCD_EP_ClrStall
 .text.HAL_PCD_EP_Abort
                0x0000000008001e62       0x62 ./Drivers/STM32F4xx_HAL_Driver/Src/stm32f4xx_hal_pcd.o
                0x0000000008001e62                HAL_PCD_EP_Abort
 .text.PCD_WriteEmptyTxFifo
                0x0000000008001ec4      0x11a ./Drivers/STM32F4xx_HAL_Driver/Src/stm32f4xx_hal_pcd.o
 *fill*         0x0000000008001fde        0x2 
 .text.PCD_EP_OutXfrComplete_int
                0x0000000008001fe0      0x1d0 ./Drivers/STM32F4xx_HAL_Driver/Src/stm32f4xx_hal_pcd.o
 .text.PCD_EP_OutSetupPacket_int
                0x00000000080021b0       0x8c ./Drivers/STM32F4xx_HAL_Driver/Src/stm32f4xx_hal_pcd.o
 .text.HAL_PCDEx_SetTxFiFo
                0x000000000800223c       0x8e ./Drivers/STM32F4xx_HAL_Driver/Src/stm32f4xx_hal_pcd_ex.o
                0x000000000800223c                HAL_PCDEx_SetTxFiFo
 .text.HAL_PCDEx_SetRxFiFo
                0x00000000080022ca       0x22 ./Drivers/STM32F4xx_HAL_Driver/Src/stm32f4xx_hal_pcd_ex.o
                0x00000000080022ca                HAL_PCDEx_SetRxFiFo
 .text.HAL_PCDEx_LPM_Callback
                0x00000000080022ec       0x18 ./Drivers/STM32F4xx_HAL_Driver/Src/stm32f4xx_hal_pcd_ex.o
                0x00000000080022ec                HAL_PCDEx_LPM_Callback
 .text.HAL_RCC_OscConfig
                0x0000000008002304      0x4f0 ./Drivers/STM32F4xx_HAL_Driver/Src/stm32f4xx_hal_rcc.o
                0x0000000008002304                HAL_RCC_OscConfig
 .text.HAL_RCC_ClockConfig
                0x00000000080027f4      0x1cc ./Drivers/STM32F4xx_HAL_Driver/Src/stm32f4xx_hal_rcc.o
                0x00000000080027f4                HAL_RCC_ClockConfig
 .text.HAL_RCC_GetSysClockFreq
                0x00000000080029c0      0x20c ./Drivers/STM32F4xx_HAL_Driver/Src/stm32f4xx_hal_rcc.o
                0x00000000080029c0                HAL_RCC_GetSysClockFreq
 .text.HAL_RCC_GetHCLKFreq
                0x0000000008002bcc       0x18 ./Drivers/STM32F4xx_HAL_Driver/Src/stm32f4xx_hal_rcc.o
                0x0000000008002bcc                HAL_RCC_GetHCLKFreq
 .text.USB_CoreInit
                0x0000000008002be4       0xc2 ./Drivers/STM32F4xx_HAL_Driver/Src/stm32f4xx_ll_usb.o
                0x0000000008002be4                USB_CoreInit
 *fill*         0x0000000008002ca6        0x2 
 .text.USB_SetTurnaroundTime
                0x0000000008002ca8      0x144 ./Drivers/STM32F4xx_HAL_Driver/Src/stm32f4xx_ll_usb.o
                0x0000000008002ca8                USB_SetTurnaroundTime
 .text.USB_EnableGlobalInt
                0x0000000008002dec       0x22 ./Drivers/STM32F4xx_HAL_Driver/Src/stm32f4xx_ll_usb.o
                0x0000000008002dec                USB_EnableGlobalInt
 .text.USB_DisableGlobalInt
                0x0000000008002e0e       0x22 ./Drivers/STM32F4xx_HAL_Driver/Src/stm32f4xx_ll_usb.o
                0x0000000008002e0e                USB_DisableGlobalInt
 .text.USB_SetCurrentMode
                0x0000000008002e30       0x98 ./Drivers/STM32F4xx_HAL_Driver/Src/stm32f4xx_ll_usb.o
                0x0000000008002e30                USB_SetCurrentMode
 .text.USB_DevInit
                0x0000000008002ec8      0x2c8 ./Drivers/STM32F4xx_HAL_Driver/Src/stm32f4xx_ll_usb.o
                0x0000000008002ec8                USB_DevInit
 .text.USB_FlushTxFifo
                0x0000000008003190       0x68 ./Drivers/STM32F4xx_HAL_Driver/Src/stm32f4xx_ll_usb.o
                0x0000000008003190                USB_FlushTxFifo
 .text.USB_FlushRxFifo
                0x00000000080031f8       0x60 ./Drivers/STM32F4xx_HAL_Driver/Src/stm32f4xx_ll_usb.o
                0x00000000080031f8                USB_FlushRxFifo
 .text.USB_SetDevSpeed
                0x0000000008003258       0x32 ./Drivers/STM32F4xx_HAL_Driver/Src/stm32f4xx_ll_usb.o
                0x0000000008003258                USB_SetDevSpeed
 .text.USB_GetDevSpeed
                0x000000000800328a       0x4a ./Drivers/STM32F4xx_HAL_Driver/Src/stm32f4xx_ll_usb.o
                0x000000000800328a                USB_GetDevSpeed
 .text.USB_ActivateEndpoint
                0x00000000080032d4      0x10e ./Drivers/STM32F4xx_HAL_Driver/Src/stm32f4xx_ll_usb.o
                0x00000000080032d4                USB_ActivateEndpoint
 *fill*         0x00000000080033e2        0x2 
 .text.USB_DeactivateEndpoint
                0x00000000080033e4      0x1b8 ./Drivers/STM32F4xx_HAL_Driver/Src/stm32f4xx_ll_usb.o
                0x00000000080033e4                USB_DeactivateEndpoint
 .text.USB_EPStartXfer
                0x000000000800359c      0x490 ./Drivers/STM32F4xx_HAL_Driver/Src/stm32f4xx_ll_usb.o
                0x000000000800359c                USB_EPStartXfer
 .text.USB_EP0StartXfer
                0x0000000008003a2c      0x2b0 ./Drivers/STM32F4xx_HAL_Driver/Src/stm32f4xx_ll_usb.o
                0x0000000008003a2c                USB_EP0StartXfer
 .text.USB_EPStopXfer
                0x0000000008003cdc      0x154 ./Drivers/STM32F4xx_HAL_Driver/Src/stm32f4xx_ll_usb.o
                0x0000000008003cdc                USB_EPStopXfer
 .text.USB_WritePacket
                0x0000000008003e30       0x7c ./Drivers/STM32F4xx_HAL_Driver/Src/stm32f4xx_ll_usb.o
                0x0000000008003e30                USB_WritePacket
 .text.USB_ReadPacket
                0x0000000008003eac       0xb0 ./Drivers/STM32F4xx_HAL_Driver/Src/stm32f4xx_ll_usb.o
                0x0000000008003eac                USB_ReadPacket
 .text.USB_EPSetStall
                0x0000000008003f5c       0xdc ./Drivers/STM32F4xx_HAL_Driver/Src/stm32f4xx_ll_usb.o
                0x0000000008003f5c                USB_EPSetStall
 .text.USB_EPClearStall
                0x0000000008004038       0xcc ./Drivers/STM32F4xx_HAL_Driver/Src/stm32f4xx_ll_usb.o
                0x0000000008004038                USB_EPClearStall
 .text.USB_SetDevAddress
                0x0000000008004104       0x4c ./Drivers/STM32F4xx_HAL_Driver/Src/stm32f4xx_ll_usb.o
                0x0000000008004104                USB_SetDevAddress
 .text.USB_DevConnect
                0x0000000008004150       0x42 ./Drivers/STM32F4xx_HAL_Driver/Src/stm32f4xx_ll_usb.o
                0x0000000008004150                USB_DevConnect
 .text.USB_DevDisconnect
                0x0000000008004192       0x42 ./Drivers/STM32F4xx_HAL_Driver/Src/stm32f4xx_ll_usb.o
                0x0000000008004192                USB_DevDisconnect
 .text.USB_ReadInterrupts
                0x00000000080041d4       0x26 ./Drivers/STM32F4xx_HAL_Driver/Src/stm32f4xx_ll_usb.o
                0x00000000080041d4                USB_ReadInterrupts
 .text.USB_ReadDevAllOutEpInterrupt
                0x00000000080041fa       0x34 ./Drivers/STM32F4xx_HAL_Driver/Src/stm32f4xx_ll_usb.o
                0x00000000080041fa                USB_ReadDevAllOutEpInterrupt
 .text.USB_ReadDevAllInEpInterrupt
                0x000000000800422e       0x34 ./Drivers/STM32F4xx_HAL_Driver/Src/stm32f4xx_ll_usb.o
                0x000000000800422e                USB_ReadDevAllInEpInterrupt
 .text.USB_ReadDevOutEPInterrupt
                0x0000000008004262       0x3c ./Drivers/STM32F4xx_HAL_Driver/Src/stm32f4xx_ll_usb.o
                0x0000000008004262                USB_ReadDevOutEPInterrupt
 .text.USB_ReadDevInEPInterrupt
                0x000000000800429e       0x5c ./Drivers/STM32F4xx_HAL_Driver/Src/stm32f4xx_ll_usb.o
                0x000000000800429e                USB_ReadDevInEPInterrupt
 .text.USB_GetMode
                0x00000000080042fa       0x1c ./Drivers/STM32F4xx_HAL_Driver/Src/stm32f4xx_ll_usb.o
                0x00000000080042fa                USB_GetMode
 .text.USB_ActivateSetup
                0x0000000008004316       0x46 ./Drivers/STM32F4xx_HAL_Driver/Src/stm32f4xx_ll_usb.o
                0x0000000008004316                USB_ActivateSetup
 .text.USB_EP0_OutStart
                0x000000000800435c       0xbc ./Drivers/STM32F4xx_HAL_Driver/Src/stm32f4xx_ll_usb.o
                0x000000000800435c                USB_EP0_OutStart
 .text.USB_CoreReset
                0x0000000008004418       0x68 ./Drivers/STM32F4xx_HAL_Driver/Src/stm32f4xx_ll_usb.o
 .text.USBD_CDC_Init
                0x0000000008004480      0x1f0 ./Middlewares/ST/STM32_USB_Device_Library/Class/CDC/Src/usbd_cdc.o
 .text.USBD_CDC_DeInit
                0x0000000008004670      0x104 ./Middlewares/ST/STM32_USB_Device_Library/Class/CDC/Src/usbd_cdc.o
 .text.USBD_CDC_Setup
                0x0000000008004774      0x1b8 ./Middlewares/ST/STM32_USB_Device_Library/Class/CDC/Src/usbd_cdc.o
 .text.USBD_CDC_DataIn
                0x000000000800492c       0xfe ./Middlewares/ST/STM32_USB_Device_Library/Class/CDC/Src/usbd_cdc.o
 .text.USBD_CDC_DataOut
                0x0000000008004a2a       0x70 ./Middlewares/ST/STM32_USB_Device_Library/Class/CDC/Src/usbd_cdc.o
 .text.USBD_CDC_EP0_RxReady
                0x0000000008004a9a       0x76 ./Middlewares/ST/STM32_USB_Device_Library/Class/CDC/Src/usbd_cdc.o
 .text.USBD_CDC_GetFSCfgDesc
                0x0000000008004b10       0x70 ./Middlewares/ST/STM32_USB_Device_Library/Class/CDC/Src/usbd_cdc.o
 .text.USBD_CDC_GetHSCfgDesc
                0x0000000008004b80       0x70 ./Middlewares/ST/STM32_USB_Device_Library/Class/CDC/Src/usbd_cdc.o
 .text.USBD_CDC_GetOtherSpeedCfgDesc
                0x0000000008004bf0       0x70 ./Middlewares/ST/STM32_USB_Device_Library/Class/CDC/Src/usbd_cdc.o
 .text.USBD_CDC_GetDeviceQualifierDescriptor
                0x0000000008004c60       0x20 ./Middlewares/ST/STM32_USB_Device_Library/Class/CDC/Src/usbd_cdc.o
                0x0000000008004c60                USBD_CDC_GetDeviceQualifierDescriptor
 .text.USBD_CDC_RegisterInterface
                0x0000000008004c80       0x34 ./Middlewares/ST/STM32_USB_Device_Library/Class/CDC/Src/usbd_cdc.o
                0x0000000008004c80                USBD_CDC_RegisterInterface
 .text.USBD_CDC_SetTxBuffer
                0x0000000008004cb4       0x44 ./Middlewares/ST/STM32_USB_Device_Library/Class/CDC/Src/usbd_cdc.o
                0x0000000008004cb4                USBD_CDC_SetTxBuffer
 .text.USBD_CDC_SetRxBuffer
                0x0000000008004cf8       0x3a ./Middlewares/ST/STM32_USB_Device_Library/Class/CDC/Src/usbd_cdc.o
                0x0000000008004cf8                USBD_CDC_SetRxBuffer
 *fill*         0x0000000008004d32        0x2 
 .text.USBD_CDC_TransmitPacket
                0x0000000008004d34       0x8c ./Middlewares/ST/STM32_USB_Device_Library/Class/CDC/Src/usbd_cdc.o
                0x0000000008004d34                USBD_CDC_TransmitPacket
 .text.USBD_CDC_ReceivePacket
                0x0000000008004dc0       0x6c ./Middlewares/ST/STM32_USB_Device_Library/Class/CDC/Src/usbd_cdc.o
                0x0000000008004dc0                USBD_CDC_ReceivePacket
 .text.USBD_Init
                0x0000000008004e2c       0x60 ./Middlewares/ST/STM32_USB_Device_Library/Core/Src/usbd_core.o
                0x0000000008004e2c                USBD_Init
 .text.USBD_RegisterClass
                0x0000000008004e8c       0x6c ./Middlewares/ST/STM32_USB_Device_Library/Core/Src/usbd_core.o
                0x0000000008004e8c                USBD_RegisterClass
 .text.USBD_Start
                0x0000000008004ef8       0x18 ./Middlewares/ST/STM32_USB_Device_Library/Core/Src/usbd_core.o
                0x0000000008004ef8                USBD_Start
 .text.USBD_RunTestMode
                0x0000000008004f10       0x16 ./Middlewares/ST/STM32_USB_Device_Library/Core/Src/usbd_core.o
                0x0000000008004f10                USBD_RunTestMode
 .text.USBD_SetClassConfig
                0x0000000008004f26       0x38 ./Middlewares/ST/STM32_USB_Device_Library/Core/Src/usbd_core.o
                0x0000000008004f26                USBD_SetClassConfig
 .text.USBD_ClrClassConfig
                0x0000000008004f5e       0x34 ./Middlewares/ST/STM32_USB_Device_Library/Core/Src/usbd_core.o
                0x0000000008004f5e                USBD_ClrClassConfig
 .text.USBD_LL_SetupStage
                0x0000000008004f92       0xaa ./Middlewares/ST/STM32_USB_Device_Library/Core/Src/usbd_core.o
                0x0000000008004f92                USBD_LL_SetupStage
 .text.USBD_LL_DataOutStage
                0x000000000800503c      0x166 ./Middlewares/ST/STM32_USB_Device_Library/Core/Src/usbd_core.o
                0x000000000800503c                USBD_LL_DataOutStage
 .text.USBD_LL_DataInStage
                0x00000000080051a2      0x164 ./Middlewares/ST/STM32_USB_Device_Library/Core/Src/usbd_core.o
                0x00000000080051a2                USBD_LL_DataInStage
 .text.USBD_LL_Reset
                0x0000000008005306       0xa4 ./Middlewares/ST/STM32_USB_Device_Library/Core/Src/usbd_core.o
                0x0000000008005306                USBD_LL_Reset
 .text.USBD_LL_SetSpeed
                0x00000000080053aa       0x20 ./Middlewares/ST/STM32_USB_Device_Library/Core/Src/usbd_core.o
                0x00000000080053aa                USBD_LL_SetSpeed
 .text.USBD_LL_Suspend
                0x00000000080053ca       0x2c ./Middlewares/ST/STM32_USB_Device_Library/Core/Src/usbd_core.o
                0x00000000080053ca                USBD_LL_Suspend
 .text.USBD_LL_Resume
                0x00000000080053f6       0x30 ./Middlewares/ST/STM32_USB_Device_Library/Core/Src/usbd_core.o
                0x00000000080053f6                USBD_LL_Resume
 .text.USBD_LL_SOF
                0x0000000008005426       0x40 ./Middlewares/ST/STM32_USB_Device_Library/Core/Src/usbd_core.o
                0x0000000008005426                USBD_LL_SOF
 .text.USBD_LL_IsoINIncomplete
                0x0000000008005466       0x64 ./Middlewares/ST/STM32_USB_Device_Library/Core/Src/usbd_core.o
                0x0000000008005466                USBD_LL_IsoINIncomplete
 .text.USBD_LL_IsoOUTIncomplete
                0x00000000080054ca       0x64 ./Middlewares/ST/STM32_USB_Device_Library/Core/Src/usbd_core.o
                0x00000000080054ca                USBD_LL_IsoOUTIncomplete
 .text.USBD_LL_DevConnected
                0x000000000800552e       0x16 ./Middlewares/ST/STM32_USB_Device_Library/Core/Src/usbd_core.o
                0x000000000800552e                USBD_LL_DevConnected
 .text.USBD_LL_DevDisconnected
                0x0000000008005544       0x46 ./Middlewares/ST/STM32_USB_Device_Library/Core/Src/usbd_core.o
                0x0000000008005544                USBD_LL_DevDisconnected
 .text.USBD_CoreFindIF
                0x000000000800558a       0x1a ./Middlewares/ST/STM32_USB_Device_Library/Core/Src/usbd_core.o
                0x000000000800558a                USBD_CoreFindIF
 .text.USBD_CoreFindEP
                0x00000000080055a4       0x1a ./Middlewares/ST/STM32_USB_Device_Library/Core/Src/usbd_core.o
                0x00000000080055a4                USBD_CoreFindEP
 .text.USBD_GetEpDesc
                0x00000000080055be       0x74 ./Middlewares/ST/STM32_USB_Device_Library/Core/Src/usbd_core.o
                0x00000000080055be                USBD_GetEpDesc
 .text.USBD_GetNextDesc
                0x0000000008005632       0x3a ./Middlewares/ST/STM32_USB_Device_Library/Core/Src/usbd_core.o
                0x0000000008005632                USBD_GetNextDesc
 .text.SWAPBYTE
                0x000000000800566c       0x3c ./Middlewares/ST/STM32_USB_Device_Library/Core/Src/usbd_ctlreq.o
 .text.USBD_StdDevReq
                0x00000000080056a8       0xe4 ./Middlewares/ST/STM32_USB_Device_Library/Core/Src/usbd_ctlreq.o
                0x00000000080056a8                USBD_StdDevReq
 .text.USBD_StdItfReq
                0x000000000800578c       0xd8 ./Middlewares/ST/STM32_USB_Device_Library/Core/Src/usbd_ctlreq.o
                0x000000000800578c                USBD_StdItfReq
 .text.USBD_StdEPReq
                0x0000000008005864      0x33a ./Middlewares/ST/STM32_USB_Device_Library/Core/Src/usbd_ctlreq.o
                0x0000000008005864                USBD_StdEPReq
 *fill*         0x0000000008005b9e        0x2 
 .text.USBD_GetDescriptor
                0x0000000008005ba0      0x2d4 ./Middlewares/ST/STM32_USB_Device_Library/Core/Src/usbd_ctlreq.o
 .text.USBD_SetAddress
                0x0000000008005e74       0x88 ./Middlewares/ST/STM32_USB_Device_Library/Core/Src/usbd_ctlreq.o
 .text.USBD_SetConfig
                0x0000000008005efc      0x154 ./Middlewares/ST/STM32_USB_Device_Library/Core/Src/usbd_ctlreq.o
 .text.USBD_GetConfig
                0x0000000008006050       0x6c ./Middlewares/ST/STM32_USB_Device_Library/Core/Src/usbd_ctlreq.o
 .text.USBD_GetStatus
                0x00000000080060bc       0x68 ./Middlewares/ST/STM32_USB_Device_Library/Core/Src/usbd_ctlreq.o
 .text.USBD_SetFeature
                0x0000000008006124       0x52 ./Middlewares/ST/STM32_USB_Device_Library/Core/Src/usbd_ctlreq.o
 .text.USBD_ClrFeature
                0x0000000008006176       0x44 ./Middlewares/ST/STM32_USB_Device_Library/Core/Src/usbd_ctlreq.o
 .text.USBD_ParseSetupRequest
                0x00000000080061ba       0x74 ./Middlewares/ST/STM32_USB_Device_Library/Core/Src/usbd_ctlreq.o
                0x00000000080061ba                USBD_ParseSetupRequest
 .text.USBD_CtlError
                0x000000000800622e       0x22 ./Middlewares/ST/STM32_USB_Device_Library/Core/Src/usbd_ctlreq.o
                0x000000000800622e                USBD_CtlError
 .text.USBD_GetString
                0x0000000008006250       0x8c ./Middlewares/ST/STM32_USB_Device_Library/Core/Src/usbd_ctlreq.o
                0x0000000008006250                USBD_GetString
 .text.USBD_GetLen
                0x00000000080062dc       0x34 ./Middlewares/ST/STM32_USB_Device_Library/Core/Src/usbd_ctlreq.o
 .text.USBD_CtlSendData
                0x0000000008006310       0x36 ./Middlewares/ST/STM32_USB_Device_Library/Core/Src/usbd_ioreq.o
                0x0000000008006310                USBD_CtlSendData
 .text.USBD_CtlContinueSendData
                0x0000000008006346       0x22 ./Middlewares/ST/STM32_USB_Device_Library/Core/Src/usbd_ioreq.o
                0x0000000008006346                USBD_CtlContinueSendData
 .text.USBD_CtlPrepareRx
                0x0000000008006368       0x3a ./Middlewares/ST/STM32_USB_Device_Library/Core/Src/usbd_ioreq.o
                0x0000000008006368                USBD_CtlPrepareRx
 .text.USBD_CtlContinueRx
                0x00000000080063a2       0x22 ./Middlewares/ST/STM32_USB_Device_Library/Core/Src/usbd_ioreq.o
                0x00000000080063a2                USBD_CtlContinueRx
 .text.USBD_CtlSendStatus
                0x00000000080063c4       0x26 ./Middlewares/ST/STM32_USB_Device_Library/Core/Src/usbd_ioreq.o
                0x00000000080063c4                USBD_CtlSendStatus
 .text.USBD_CtlReceiveStatus
                0x00000000080063ea       0x26 ./Middlewares/ST/STM32_USB_Device_Library/Core/Src/usbd_ioreq.o
                0x00000000080063ea                USBD_CtlReceiveStatus
 .text.MX_USB_DEVICE_Init
                0x0000000008006410       0x60 ./USB_DEVICE/App/usb_device.o
                0x0000000008006410                MX_USB_DEVICE_Init
 .text.CDC_Init_FS
                0x0000000008006470       0x28 ./USB_DEVICE/App/usbd_cdc_if.o
 .text.CDC_DeInit_FS
                0x0000000008006498       0x10 ./USB_DEVICE/App/usbd_cdc_if.o
 .text.CDC_Control_FS
                0x00000000080064a8       0xbc ./USB_DEVICE/App/usbd_cdc_if.o
 .text.CDC_Receive_FS
                0x0000000008006564       0x38 ./USB_DEVICE/App/usbd_cdc_if.o
 .text.CDC_Transmit_FS
                0x000000000800659c       0x4c ./USB_DEVICE/App/usbd_cdc_if.o
                0x000000000800659c                CDC_Transmit_FS
 .text.CDC_TransmitCplt_FS
                0x00000000080065e8       0x22 ./USB_DEVICE/App/usbd_cdc_if.o
 *fill*         0x000000000800660a        0x2 
 .text.USBD_FS_DeviceDescriptor
                0x000000000800660c       0x24 ./USB_DEVICE/App/usbd_desc.o
                0x000000000800660c                USBD_FS_DeviceDescriptor
 .text.USBD_FS_LangIDStrDescriptor
                0x0000000008006630       0x24 ./USB_DEVICE/App/usbd_desc.o
                0x0000000008006630                USBD_FS_LangIDStrDescriptor
 .text.USBD_FS_ProductStrDescriptor
                0x0000000008006654       0x3c ./USB_DEVICE/App/usbd_desc.o
                0x0000000008006654                USBD_FS_ProductStrDescriptor
 .text.USBD_FS_ManufacturerStrDescriptor
                0x0000000008006690       0x28 ./USB_DEVICE/App/usbd_desc.o
                0x0000000008006690                USBD_FS_ManufacturerStrDescriptor
 .text.USBD_FS_SerialStrDescriptor
                0x00000000080066b8       0x24 ./USB_DEVICE/App/usbd_desc.o
                0x00000000080066b8                USBD_FS_SerialStrDescriptor
 .text.USBD_FS_ConfigStrDescriptor
                0x00000000080066dc       0x3c ./USB_DEVICE/App/usbd_desc.o
                0x00000000080066dc                USBD_FS_ConfigStrDescriptor
 .text.USBD_FS_InterfaceStrDescriptor
                0x0000000008006718       0x3c ./USB_DEVICE/App/usbd_desc.o
                0x0000000008006718                USBD_FS_InterfaceStrDescriptor
 .text.Get_SerialNum
                0x0000000008006754       0x58 ./USB_DEVICE/App/usbd_desc.o
 .text.IntToUnicode
                0x00000000080067ac       0x7e ./USB_DEVICE/App/usbd_desc.o
 *fill*         0x000000000800682a        0x2 
 .text.HAL_PCD_MspInit
                0x000000000800682c       0xa8 ./USB_DEVICE/Target/usbd_conf.o
                0x000000000800682c                HAL_PCD_MspInit
 .text.HAL_PCD_SetupStageCallback
                0x00000000080068d4       0x24 ./USB_DEVICE/Target/usbd_conf.o
                0x00000000080068d4                HAL_PCD_SetupStageCallback
 .text.HAL_PCD_DataOutStageCallback
                0x00000000080068f8       0x36 ./USB_DEVICE/Target/usbd_conf.o
                0x00000000080068f8                HAL_PCD_DataOutStageCallback
 .text.HAL_PCD_DataInStageCallback
                0x000000000800692e       0x34 ./USB_DEVICE/Target/usbd_conf.o
                0x000000000800692e                HAL_PCD_DataInStageCallback
 .text.HAL_PCD_SOFCallback
                0x0000000008006962       0x1c ./USB_DEVICE/Target/usbd_conf.o
                0x0000000008006962                HAL_PCD_SOFCallback
 .text.HAL_PCD_ResetCallback
                0x000000000800697e       0x50 ./USB_DEVICE/Target/usbd_conf.o
                0x000000000800697e                HAL_PCD_ResetCallback
 *fill*         0x00000000080069ce        0x2 
 .text.HAL_PCD_SuspendCallback
                0x00000000080069d0       0x4c ./USB_DEVICE/Target/usbd_conf.o
                0x00000000080069d0                HAL_PCD_SuspendCallback
 .text.HAL_PCD_ResumeCallback
                0x0000000008006a1c       0x1c ./USB_DEVICE/Target/usbd_conf.o
                0x0000000008006a1c                HAL_PCD_ResumeCallback
 .text.HAL_PCD_ISOOUTIncompleteCallback
                0x0000000008006a38       0x24 ./USB_DEVICE/Target/usbd_conf.o
                0x0000000008006a38                HAL_PCD_ISOOUTIncompleteCallback
 .text.HAL_PCD_ISOINIncompleteCallback
                0x0000000008006a5c       0x24 ./USB_DEVICE/Target/usbd_conf.o
                0x0000000008006a5c                HAL_PCD_ISOINIncompleteCallback
 .text.HAL_PCD_ConnectCallback
                0x0000000008006a80       0x1c ./USB_DEVICE/Target/usbd_conf.o
                0x0000000008006a80                HAL_PCD_ConnectCallback
 .text.HAL_PCD_DisconnectCallback
                0x0000000008006a9c       0x1c ./USB_DEVICE/Target/usbd_conf.o
                0x0000000008006a9c                HAL_PCD_DisconnectCallback
 .text.USBD_LL_Init
                0x0000000008006ab8       0x98 ./USB_DEVICE/Target/usbd_conf.o
                0x0000000008006ab8                USBD_LL_Init
 .text.USBD_LL_Start
                0x0000000008006b50       0x36 ./USB_DEVICE/Target/usbd_conf.o
                0x0000000008006b50                USBD_LL_Start
 .text.USBD_LL_OpenEP
                0x0000000008006b86       0x4c ./USB_DEVICE/Target/usbd_conf.o
                0x0000000008006b86                USBD_LL_OpenEP
 .text.USBD_LL_CloseEP
                0x0000000008006bd2       0x3e ./USB_DEVICE/Target/usbd_conf.o
                0x0000000008006bd2                USBD_LL_CloseEP
 .text.USBD_LL_StallEP
                0x0000000008006c10       0x3e ./USB_DEVICE/Target/usbd_conf.o
                0x0000000008006c10                USBD_LL_StallEP
 .text.USBD_LL_ClearStallEP
                0x0000000008006c4e       0x3e ./USB_DEVICE/Target/usbd_conf.o
                0x0000000008006c4e                USBD_LL_ClearStallEP
 .text.USBD_LL_IsStallEP
                0x0000000008006c8c       0x58 ./USB_DEVICE/Target/usbd_conf.o
                0x0000000008006c8c                USBD_LL_IsStallEP
 .text.USBD_LL_SetUSBAddress
                0x0000000008006ce4       0x3e ./USB_DEVICE/Target/usbd_conf.o
                0x0000000008006ce4                USBD_LL_SetUSBAddress
 .text.USBD_LL_Transmit
                0x0000000008006d22       0x42 ./USB_DEVICE/Target/usbd_conf.o
                0x0000000008006d22                USBD_LL_Transmit
 .text.USBD_LL_PrepareReceive
                0x0000000008006d64       0x42 ./USB_DEVICE/Target/usbd_conf.o
                0x0000000008006d64                USBD_LL_PrepareReceive
 .text.USBD_LL_GetRxDataSize
                0x0000000008006da6       0x26 ./USB_DEVICE/Target/usbd_conf.o
                0x0000000008006da6                USBD_LL_GetRxDataSize
 .text.USBD_static_malloc
                0x0000000008006dcc       0x1c ./USB_DEVICE/Target/usbd_conf.o
                0x0000000008006dcc                USBD_static_malloc
 .text.USBD_static_free
                0x0000000008006de8       0x14 ./USB_DEVICE/Target/usbd_conf.o
                0x0000000008006de8                USBD_static_free
 .text.USBD_Get_USB_Status
                0x0000000008006dfc       0x58 ./USB_DEVICE/Target/usbd_conf.o
                0x0000000008006dfc                USBD_Get_USB_Status
 .text.__libc_init_array
                0x0000000008006e54       0x48 c:/st/stm32cubeide_1.8.0/stm32cubeide/plugins/com.st.stm32cube.ide.mcu.externaltools.gnu-tools-for-stm32.10.3-2021.10.win32_1.0.100.202210260954/tools/bin/../lib/gcc/arm-none-eabi/10.3.1/../../../../arm-none-eabi/lib/thumb/v7e-m+fp/hard\libc_nano.a(lib_a-init.o)
                0x0000000008006e54                __libc_init_array
 .text.memset   0x0000000008006e9c       0x10 c:/st/stm32cubeide_1.8.0/stm32cubeide/plugins/com.st.stm32cube.ide.mcu.externaltools.gnu-tools-for-stm32.10.3-2021.10.win32_1.0.100.202210260954/tools/bin/../lib/gcc/arm-none-eabi/10.3.1/../../../../arm-none-eabi/lib/thumb/v7e-m+fp/hard\libc_nano.a(lib_a-memset.o)
                0x0000000008006e9c                memset
 .text.strcpy   0x0000000008006eac       0x10 c:/st/stm32cubeide_1.8.0/stm32cubeide/plugins/com.st.stm32cube.ide.mcu.externaltools.gnu-tools-for-stm32.10.3-2021.10.win32_1.0.100.202210260954/tools/bin/../lib/gcc/arm-none-eabi/10.3.1/../../../../arm-none-eabi/lib/thumb/v7e-m+fp/hard\libc_nano.a(lib_a-strcpy.o)
                0x0000000008006eac                strcpy
 *(.glue_7)
 .glue_7        0x0000000008006ebc        0x0 linker stubs
 *(.glue_7t)
 .glue_7t       0x0000000008006ebc        0x0 linker stubs
 *(.eh_frame)
 .eh_frame      0x0000000008006ebc        0x0 c:/st/stm32cubeide_1.8.0/stm32cubeide/plugins/com.st.stm32cube.ide.mcu.externaltools.gnu-tools-for-stm32.10.3-2021.10.win32_1.0.100.202210260954/tools/bin/../lib/gcc/arm-none-eabi/10.3.1/thumb/v7e-m+fp/hard/crtbegin.o
 *(.init)
 .init          0x0000000008006ebc        0x4 c:/st/stm32cubeide_1.8.0/stm32cubeide/plugins/com.st.stm32cube.ide.mcu.externaltools.gnu-tools-for-stm32.10.3-2021.10.win32_1.0.100.202210260954/tools/bin/../lib/gcc/arm-none-eabi/10.3.1/thumb/v7e-m+fp/hard/crti.o
                0x0000000008006ebc                _init
 .init          0x0000000008006ec0        0x8 c:/st/stm32cubeide_1.8.0/stm32cubeide/plugins/com.st.stm32cube.ide.mcu.externaltools.gnu-tools-for-stm32.10.3-2021.10.win32_1.0.100.202210260954/tools/bin/../lib/gcc/arm-none-eabi/10.3.1/thumb/v7e-m+fp/hard/crtn.o
 *(.fini)
 .fini          0x0000000008006ec8        0x4 c:/st/stm32cubeide_1.8.0/stm32cubeide/plugins/com.st.stm32cube.ide.mcu.externaltools.gnu-tools-for-stm32.10.3-2021.10.win32_1.0.100.202210260954/tools/bin/../lib/gcc/arm-none-eabi/10.3.1/thumb/v7e-m+fp/hard/crti.o
                0x0000000008006ec8                _fini
 .fini          0x0000000008006ecc        0x8 c:/st/stm32cubeide_1.8.0/stm32cubeide/plugins/com.st.stm32cube.ide.mcu.externaltools.gnu-tools-for-stm32.10.3-2021.10.win32_1.0.100.202210260954/tools/bin/../lib/gcc/arm-none-eabi/10.3.1/thumb/v7e-m+fp/hard/crtn.o
                0x0000000008006ed4                . = ALIGN (0x4)
                0x0000000008006ed4                _etext = .

.vfp11_veneer   0x0000000008006ed4        0x0
 .vfp11_veneer  0x0000000008006ed4        0x0 linker stubs

.v4_bx          0x0000000008006ed4        0x0
 .v4_bx         0x0000000008006ed4        0x0 linker stubs

.iplt           0x0000000008006ed4        0x0
 .iplt          0x0000000008006ed4        0x0 c:/st/stm32cubeide_1.8.0/stm32cubeide/plugins/com.st.stm32cube.ide.mcu.externaltools.gnu-tools-for-stm32.10.3-2021.10.win32_1.0.100.202210260954/tools/bin/../lib/gcc/arm-none-eabi/10.3.1/thumb/v7e-m+fp/hard/crtbegin.o

.rodata         0x0000000008006ed4       0x7c
                0x0000000008006ed4                . = ALIGN (0x4)
 *(.rodata)
 .rodata        0x0000000008006ed4       0x23 ./Core/Src/main.o
 *fill*         0x0000000008006ef7        0x1 
 .rodata        0x0000000008006ef8       0x46 ./USB_DEVICE/App/usbd_desc.o
 *(.rodata*)
 *fill*         0x0000000008006f3e        0x2 
 .rodata.AHBPrescTable
                0x0000000008006f40       0x10 ./Core/Src/system_stm32f4xx.o
                0x0000000008006f40                AHBPrescTable
                0x0000000008006f50                . = ALIGN (0x4)

.ARM.extab      0x0000000008006f50        0x0
                0x0000000008006f50                . = ALIGN (0x4)
 *(.ARM.extab* .gnu.linkonce.armextab.*)
                0x0000000008006f50                . = ALIGN (0x4)

.ARM            0x0000000008006f50        0x8
                0x0000000008006f50                . = ALIGN (0x4)
                0x0000000008006f50                __exidx_start = .
 *(.ARM.exidx*)
 .ARM.exidx     0x0000000008006f50        0x8 c:/st/stm32cubeide_1.8.0/stm32cubeide/plugins/com.st.stm32cube.ide.mcu.externaltools.gnu-tools-for-stm32.10.3-2021.10.win32_1.0.100.202210260954/tools/bin/../lib/gcc/arm-none-eabi/10.3.1/thumb/v7e-m+fp/hard\libgcc.a(_udivmoddi4.o)
                0x0000000008006f58                __exidx_end = .
                0x0000000008006f58                . = ALIGN (0x4)

.rel.dyn        0x0000000008006f58        0x0
 .rel.iplt      0x0000000008006f58        0x0 c:/st/stm32cubeide_1.8.0/stm32cubeide/plugins/com.st.stm32cube.ide.mcu.externaltools.gnu-tools-for-stm32.10.3-2021.10.win32_1.0.100.202210260954/tools/bin/../lib/gcc/arm-none-eabi/10.3.1/thumb/v7e-m+fp/hard/crtbegin.o

.preinit_array  0x0000000008006f58        0x0
                0x0000000008006f58                . = ALIGN (0x4)
                0x0000000008006f58                PROVIDE (__preinit_array_start = .)
 *(.preinit_array*)
                0x0000000008006f58                PROVIDE (__preinit_array_end = .)
                0x0000000008006f58                . = ALIGN (0x4)

.init_array     0x0000000008006f58        0x4
                0x0000000008006f58                . = ALIGN (0x4)
                0x0000000008006f58                PROVIDE (__init_array_start = .)
 *(SORT_BY_NAME(.init_array.*))
 *(.init_array*)
 .init_array    0x0000000008006f58        0x4 c:/st/stm32cubeide_1.8.0/stm32cubeide/plugins/com.st.stm32cube.ide.mcu.externaltools.gnu-tools-for-stm32.10.3-2021.10.win32_1.0.100.202210260954/tools/bin/../lib/gcc/arm-none-eabi/10.3.1/thumb/v7e-m+fp/hard/crtbegin.o
                0x0000000008006f5c                PROVIDE (__init_array_end = .)
                0x0000000008006f5c                . = ALIGN (0x4)

.fini_array     0x0000000008006f5c        0x4
                0x0000000008006f5c                . = ALIGN (0x4)
                [!provide]                        PROVIDE (__fini_array_start = .)
 *(SORT_BY_NAME(.fini_array.*))
 *(.fini_array*)
 .fini_array    0x0000000008006f5c        0x4 c:/st/stm32cubeide_1.8.0/stm32cubeide/plugins/com.st.stm32cube.ide.mcu.externaltools.gnu-tools-for-stm32.10.3-2021.10.win32_1.0.100.202210260954/tools/bin/../lib/gcc/arm-none-eabi/10.3.1/thumb/v7e-m+fp/hard/crtbegin.o
                [!provide]                        PROVIDE (__fini_array_end = .)
                0x0000000008006f60                . = ALIGN (0x4)
                0x0000000008006f60                _sidata = LOADADDR (.data)

.data           0x0000000020000000       0xfc load address 0x0000000008006f60
                0x0000000020000000                . = ALIGN (0x4)
                0x0000000020000000                _sdata = .
 *(.data)
 *(.data*)
 .data.SystemCoreClock
                0x0000000020000000        0x4 ./Core/Src/system_stm32f4xx.o
                0x0000000020000000                SystemCoreClock
 .data.uwTickPrio
                0x0000000020000004        0x4 ./Drivers/STM32F4xx_HAL_Driver/Src/stm32f4xx_hal.o
                0x0000000020000004                uwTickPrio
 .data.uwTickFreq
                0x0000000020000008        0x1 ./Drivers/STM32F4xx_HAL_Driver/Src/stm32f4xx_hal.o
                0x0000000020000008                uwTickFreq
 *fill*         0x0000000020000009        0x3 
 .data.USBD_CDC_DeviceQualifierDesc
                0x000000002000000c        0xa ./Middlewares/ST/STM32_USB_Device_Library/Class/CDC/Src/usbd_cdc.o
 *fill*         0x0000000020000016        0x2 
 .data.USBD_CDC
                0x0000000020000018       0x38 ./Middlewares/ST/STM32_USB_Device_Library/Class/CDC/Src/usbd_cdc.o
                0x0000000020000018                USBD_CDC
 .data.USBD_CDC_CfgDesc
                0x0000000020000050       0x43 ./Middlewares/ST/STM32_USB_Device_Library/Class/CDC/Src/usbd_cdc.o
 .data.CDCInEpAdd
                0x0000000020000093        0x1 ./Middlewares/ST/STM32_USB_Device_Library/Class/CDC/Src/usbd_cdc.o
 .data.CDCOutEpAdd
                0x0000000020000094        0x1 ./Middlewares/ST/STM32_USB_Device_Library/Class/CDC/Src/usbd_cdc.o
 .data.CDCCmdEpAdd
                0x0000000020000095        0x1 ./Middlewares/ST/STM32_USB_Device_Library/Class/CDC/Src/usbd_cdc.o
 *fill*         0x0000000020000096        0x2 
 .data.USBD_Interface_fops_FS
                0x0000000020000098       0x14 ./USB_DEVICE/App/usbd_cdc_if.o
                0x0000000020000098                USBD_Interface_fops_FS
 .data.FS_Desc  0x00000000200000ac       0x1c ./USB_DEVICE/App/usbd_desc.o
                0x00000000200000ac                FS_Desc
 .data.USBD_FS_DeviceDesc
                0x00000000200000c8       0x12 ./USB_DEVICE/App/usbd_desc.o
                0x00000000200000c8                USBD_FS_DeviceDesc
 *fill*         0x00000000200000da        0x2 
 .data.USBD_LangIDDesc
                0x00000000200000dc        0x4 ./USB_DEVICE/App/usbd_desc.o
                0x00000000200000dc                USBD_LangIDDesc
 .data.USBD_StringSerial
                0x00000000200000e0       0x1a ./USB_DEVICE/App/usbd_desc.o
                0x00000000200000e0                USBD_StringSerial
 *(.RamFunc)
 *(.RamFunc*)
                0x00000000200000fc                . = ALIGN (0x4)
 *fill*         0x00000000200000fa        0x2 
                0x00000000200000fc                _edata = .
                0x000000000800705c                _siccmram = LOADADDR (.ccmram)

.igot.plt       0x00000000200000fc        0x0 load address 0x000000000800705c
 .igot.plt      0x00000000200000fc        0x0 c:/st/stm32cubeide_1.8.0/stm32cubeide/plugins/com.st.stm32cube.ide.mcu.externaltools.gnu-tools-for-stm32.10.3-2021.10.win32_1.0.100.202210260954/tools/bin/../lib/gcc/arm-none-eabi/10.3.1/thumb/v7e-m+fp/hard/crtbegin.o

.ccmram         0x0000000010000000        0x0 load address 0x000000000800705c
                0x0000000010000000                . = ALIGN (0x4)
                0x0000000010000000                _sccmram = .
 *(.ccmram)
 *(.ccmram*)
                0x0000000010000000                . = ALIGN (0x4)
                0x0000000010000000                _eccmram = .
                0x0000000010000000                . = ALIGN (0x4)

.bss            0x00000000200000fc     0x1c30
                0x00000000200000fc                _sbss = .
                0x00000000200000fc                __bss_start__ = _sbss
 *(.bss)
 .bss           0x00000000200000fc       0x1c c:/st/stm32cubeide_1.8.0/stm32cubeide/plugins/com.st.stm32cube.ide.mcu.externaltools.gnu-tools-for-stm32.10.3-2021.10.win32_1.0.100.202210260954/tools/bin/../lib/gcc/arm-none-eabi/10.3.1/thumb/v7e-m+fp/hard/crtbegin.o
 *(.bss*)
 .bss.uwTick    0x0000000020000118        0x4 ./Drivers/STM32F4xx_HAL_Driver/Src/stm32f4xx_hal.o
                0x0000000020000118                uwTick
 .bss.cfgidx.0  0x000000002000011c        0x1 ./Middlewares/ST/STM32_USB_Device_Library/Core/Src/usbd_ctlreq.o
 *fill*         0x000000002000011d        0x3 
 .bss.hUsbDeviceFS
                0x0000000020000120      0x2dc ./USB_DEVICE/App/usb_device.o
                0x0000000020000120                hUsbDeviceFS
 .bss.UserRxBufferFS
                0x00000000200003fc      0x800 ./USB_DEVICE/App/usbd_cdc_if.o
                0x00000000200003fc                UserRxBufferFS
 .bss.UserTxBufferFS
                0x0000000020000bfc      0x800 ./USB_DEVICE/App/usbd_cdc_if.o
                0x0000000020000bfc                UserTxBufferFS
 .bss.Buffer    0x00000000200013fc        0x4 ./USB_DEVICE/App/usbd_cdc_if.o
                0x00000000200013fc                Buffer
 .bss.USBD_StrDesc
                0x0000000020001400      0x200 ./USB_DEVICE/App/usbd_desc.o
                0x0000000020001400                USBD_StrDesc
 .bss.hpcd_USB_OTG_FS
                0x0000000020001600      0x50c ./USB_DEVICE/Target/usbd_conf.o
                0x0000000020001600                hpcd_USB_OTG_FS
 .bss.mem.0     0x0000000020001b0c      0x220 ./USB_DEVICE/Target/usbd_conf.o
 *(COMMON)
                0x0000000020001d2c                . = ALIGN (0x4)
                0x0000000020001d2c                _ebss = .
                0x0000000020001d2c                __bss_end__ = _ebss

._user_heap_stack
                0x0000000020001d2c      0x604
                0x0000000020001d30                . = ALIGN (0x8)
 *fill*         0x0000000020001d2c        0x4 
                [!provide]                        PROVIDE (end = .)
                0x0000000020001d30                PROVIDE (_end = .)
                0x0000000020001f30                . = (. + _Min_Heap_Size)
 *fill*         0x0000000020001d30      0x200 
                0x0000000020002330                . = (. + _Min_Stack_Size)
 *fill*         0x0000000020001f30      0x400 
                0x0000000020002330                . = ALIGN (0x8)

/DISCARD/
 libc.a(*)
 libm.a(*)
 libgcc.a(*)

.ARM.attributes
                0x0000000000000000       0x30
 *(.ARM.attributes)
 .ARM.attributes
                0x0000000000000000       0x1e c:/st/stm32cubeide_1.8.0/stm32cubeide/plugins/com.st.stm32cube.ide.mcu.externaltools.gnu-tools-for-stm32.10.3-2021.10.win32_1.0.100.202210260954/tools/bin/../lib/gcc/arm-none-eabi/10.3.1/thumb/v7e-m+fp/hard/crti.o
 .ARM.attributes
                0x000000000000001e       0x34 c:/st/stm32cubeide_1.8.0/stm32cubeide/plugins/com.st.stm32cube.ide.mcu.externaltools.gnu-tools-for-stm32.10.3-2021.10.win32_1.0.100.202210260954/tools/bin/../lib/gcc/arm-none-eabi/10.3.1/thumb/v7e-m+fp/hard/crtbegin.o
 .ARM.attributes
                0x0000000000000052       0x34 ./Core/Src/main.o
 .ARM.attributes
                0x0000000000000086       0x34 ./Core/Src/stm32f4xx_hal_msp.o
 .ARM.attributes
                0x00000000000000ba       0x34 ./Core/Src/stm32f4xx_it.o
 .ARM.attributes
                0x00000000000000ee       0x34 ./Core/Src/system_stm32f4xx.o
 .ARM.attributes
                0x0000000000000122       0x21 ./Core/Startup/startup_stm32f407vgtx.o
 .ARM.attributes
                0x0000000000000143       0x34 ./Drivers/STM32F4xx_HAL_Driver/Src/stm32f4xx_hal.o
 .ARM.attributes
                0x0000000000000177       0x34 ./Drivers/STM32F4xx_HAL_Driver/Src/stm32f4xx_hal_cortex.o
 .ARM.attributes
                0x00000000000001ab       0x34 ./Drivers/STM32F4xx_HAL_Driver/Src/stm32f4xx_hal_gpio.o
 .ARM.attributes
                0x00000000000001df       0x34 ./Drivers/STM32F4xx_HAL_Driver/Src/stm32f4xx_hal_pcd.o
 .ARM.attributes
                0x0000000000000213       0x34 ./Drivers/STM32F4xx_HAL_Driver/Src/stm32f4xx_hal_pcd_ex.o
 .ARM.attributes
                0x0000000000000247       0x34 ./Drivers/STM32F4xx_HAL_Driver/Src/stm32f4xx_hal_rcc.o
 .ARM.attributes
                0x000000000000027b       0x34 ./Drivers/STM32F4xx_HAL_Driver/Src/stm32f4xx_ll_usb.o
 .ARM.attributes
                0x00000000000002af       0x34 ./Middlewares/ST/STM32_USB_Device_Library/Class/CDC/Src/usbd_cdc.o
 .ARM.attributes
                0x00000000000002e3       0x34 ./Middlewares/ST/STM32_USB_Device_Library/Core/Src/usbd_core.o
 .ARM.attributes
                0x0000000000000317       0x34 ./Middlewares/ST/STM32_USB_Device_Library/Core/Src/usbd_ctlreq.o
 .ARM.attributes
                0x000000000000034b       0x34 ./Middlewares/ST/STM32_USB_Device_Library/Core/Src/usbd_ioreq.o
 .ARM.attributes
                0x000000000000037f       0x34 ./USB_DEVICE/App/usb_device.o
 .ARM.attributes
                0x00000000000003b3       0x34 ./USB_DEVICE/App/usbd_cdc_if.o
 .ARM.attributes
                0x00000000000003e7       0x34 ./USB_DEVICE/App/usbd_desc.o
 .ARM.attributes
                0x000000000000041b       0x34 ./USB_DEVICE/Target/usbd_conf.o
 .ARM.attributes
                0x000000000000044f       0x34 c:/st/stm32cubeide_1.8.0/stm32cubeide/plugins/com.st.stm32cube.ide.mcu.externaltools.gnu-tools-for-stm32.10.3-2021.10.win32_1.0.100.202210260954/tools/bin/../lib/gcc/arm-none-eabi/10.3.1/../../../../arm-none-eabi/lib/thumb/v7e-m+fp/hard\libc_nano.a(lib_a-init.o)
 .ARM.attributes
                0x0000000000000483       0x34 c:/st/stm32cubeide_1.8.0/stm32cubeide/plugins/com.st.stm32cube.ide.mcu.externaltools.gnu-tools-for-stm32.10.3-2021.10.win32_1.0.100.202210260954/tools/bin/../lib/gcc/arm-none-eabi/10.3.1/../../../../arm-none-eabi/lib/thumb/v7e-m+fp/hard\libc_nano.a(lib_a-memset.o)
 .ARM.attributes
                0x00000000000004b7       0x34 c:/st/stm32cubeide_1.8.0/stm32cubeide/plugins/com.st.stm32cube.ide.mcu.externaltools.gnu-tools-for-stm32.10.3-2021.10.win32_1.0.100.202210260954/tools/bin/../lib/gcc/arm-none-eabi/10.3.1/../../../../arm-none-eabi/lib/thumb/v7e-m+fp/hard\libc_nano.a(lib_a-strcpy.o)
 .ARM.attributes
                0x00000000000004eb       0x1e c:/st/stm32cubeide_1.8.0/stm32cubeide/plugins/com.st.stm32cube.ide.mcu.externaltools.gnu-tools-for-stm32.10.3-2021.10.win32_1.0.100.202210260954/tools/bin/../lib/gcc/arm-none-eabi/10.3.1/thumb/v7e-m+fp/hard\libgcc.a(_aeabi_uldivmod.o)
 .ARM.attributes
                0x0000000000000509       0x34 c:/st/stm32cubeide_1.8.0/stm32cubeide/plugins/com.st.stm32cube.ide.mcu.externaltools.gnu-tools-for-stm32.10.3-2021.10.win32_1.0.100.202210260954/tools/bin/../lib/gcc/arm-none-eabi/10.3.1/thumb/v7e-m+fp/hard\libgcc.a(_udivmoddi4.o)
 .ARM.attributes
                0x000000000000053d       0x1e c:/st/stm32cubeide_1.8.0/stm32cubeide/plugins/com.st.stm32cube.ide.mcu.externaltools.gnu-tools-for-stm32.10.3-2021.10.win32_1.0.100.202210260954/tools/bin/../lib/gcc/arm-none-eabi/10.3.1/thumb/v7e-m+fp/hard\libgcc.a(_dvmd_tls.o)
 .ARM.attributes
                0x000000000000055b       0x1e c:/st/stm32cubeide_1.8.0/stm32cubeide/plugins/com.st.stm32cube.ide.mcu.externaltools.gnu-tools-for-stm32.10.3-2021.10.win32_1.0.100.202210260954/tools/bin/../lib/gcc/arm-none-eabi/10.3.1/thumb/v7e-m+fp/hard/crtn.o
OUTPUT(usbconnect.elf elf32-littlearm)
LOAD linker stubs
LOAD c:/st/stm32cubeide_1.8.0/stm32cubeide/plugins/com.st.stm32cube.ide.mcu.externaltools.gnu-tools-for-stm32.10.3-2021.10.win32_1.0.100.202210260954/tools/bin/../lib/gcc/arm-none-eabi/10.3.1/../../../../arm-none-eabi/lib/thumb/v7e-m+fp/hard\libc.a
LOAD c:/st/stm32cubeide_1.8.0/stm32cubeide/plugins/com.st.stm32cube.ide.mcu.externaltools.gnu-tools-for-stm32.10.3-2021.10.win32_1.0.100.202210260954/tools/bin/../lib/gcc/arm-none-eabi/10.3.1/../../../../arm-none-eabi/lib/thumb/v7e-m+fp/hard\libm.a
LOAD c:/st/stm32cubeide_1.8.0/stm32cubeide/plugins/com.st.stm32cube.ide.mcu.externaltools.gnu-tools-for-stm32.10.3-2021.10.win32_1.0.100.202210260954/tools/bin/../lib/gcc/arm-none-eabi/10.3.1/thumb/v7e-m+fp/hard\libgcc.a

.debug_info     0x0000000000000000     0xdce0
 .debug_info    0x0000000000000000      0x5cc ./Core/Src/main.o
 .debug_info    0x00000000000005cc      0x2bb ./Core/Src/stm32f4xx_hal_msp.o
 .debug_info    0x0000000000000887      0x650 ./Core/Src/stm32f4xx_it.o
 .debug_info    0x0000000000000ed7      0x523 ./Core/Src/system_stm32f4xx.o
 .debug_info    0x00000000000013fa       0x22 ./Core/Startup/startup_stm32f407vgtx.o
 .debug_info    0x000000000000141c      0x97c ./Drivers/STM32F4xx_HAL_Driver/Src/stm32f4xx_hal.o
 .debug_info    0x0000000000001d98      0xe1b ./Drivers/STM32F4xx_HAL_Driver/Src/stm32f4xx_hal_cortex.o
 .debug_info    0x0000000000002bb3      0x76a ./Drivers/STM32F4xx_HAL_Driver/Src/stm32f4xx_hal_gpio.o
 .debug_info    0x000000000000331d     0x1695 ./Drivers/STM32F4xx_HAL_Driver/Src/stm32f4xx_hal_pcd.o
 .debug_info    0x00000000000049b2      0x717 ./Drivers/STM32F4xx_HAL_Driver/Src/stm32f4xx_hal_pcd_ex.o
 .debug_info    0x00000000000050c9      0x966 ./Drivers/STM32F4xx_HAL_Driver/Src/stm32f4xx_hal_rcc.o
 .debug_info    0x0000000000005a2f     0x1a97 ./Drivers/STM32F4xx_HAL_Driver/Src/stm32f4xx_ll_usb.o
 .debug_info    0x00000000000074c6     0x130c ./Middlewares/ST/STM32_USB_Device_Library/Class/CDC/Src/usbd_cdc.o
 .debug_info    0x00000000000087d2      0xee7 ./Middlewares/ST/STM32_USB_Device_Library/Core/Src/usbd_core.o
 .debug_info    0x00000000000096b9      0xb7f ./Middlewares/ST/STM32_USB_Device_Library/Core/Src/usbd_ctlreq.o
 .debug_info    0x000000000000a238      0x7da ./Middlewares/ST/STM32_USB_Device_Library/Core/Src/usbd_ioreq.o
 .debug_info    0x000000000000aa12      0x76a ./USB_DEVICE/App/usb_device.o
 .debug_info    0x000000000000b17c      0x9ad ./USB_DEVICE/App/usbd_cdc_if.o
 .debug_info    0x000000000000bb29      0x498 ./USB_DEVICE/App/usbd_desc.o
 .debug_info    0x000000000000bfc1     0x1d1f ./USB_DEVICE/Target/usbd_conf.o

.debug_abbrev   0x0000000000000000     0x28a0
 .debug_abbrev  0x0000000000000000      0x212 ./Core/Src/main.o
 .debug_abbrev  0x0000000000000212       0xf0 ./Core/Src/stm32f4xx_hal_msp.o
 .debug_abbrev  0x0000000000000302      0x199 ./Core/Src/stm32f4xx_it.o
 .debug_abbrev  0x000000000000049b      0x116 ./Core/Src/system_stm32f4xx.o
 .debug_abbrev  0x00000000000005b1       0x12 ./Core/Startup/startup_stm32f407vgtx.o
 .debug_abbrev  0x00000000000005c3      0x20d ./Drivers/STM32F4xx_HAL_Driver/Src/stm32f4xx_hal.o
 .debug_abbrev  0x00000000000007d0      0x316 ./Drivers/STM32F4xx_HAL_Driver/Src/stm32f4xx_hal_cortex.o
 .debug_abbrev  0x0000000000000ae6      0x1c4 ./Drivers/STM32F4xx_HAL_Driver/Src/stm32f4xx_hal_gpio.o
 .debug_abbrev  0x0000000000000caa      0x2bb ./Drivers/STM32F4xx_HAL_Driver/Src/stm32f4xx_hal_pcd.o
 .debug_abbrev  0x0000000000000f65      0x1ce ./Drivers/STM32F4xx_HAL_Driver/Src/stm32f4xx_hal_pcd_ex.o
 .debug_abbrev  0x0000000000001133      0x2aa ./Drivers/STM32F4xx_HAL_Driver/Src/stm32f4xx_hal_rcc.o
 .debug_abbrev  0x00000000000013dd      0x296 ./Drivers/STM32F4xx_HAL_Driver/Src/stm32f4xx_ll_usb.o
 .debug_abbrev  0x0000000000001673      0x2be ./Middlewares/ST/STM32_USB_Device_Library/Class/CDC/Src/usbd_cdc.o
 .debug_abbrev  0x0000000000001931      0x263 ./Middlewares/ST/STM32_USB_Device_Library/Core/Src/usbd_core.o
 .debug_abbrev  0x0000000000001b94      0x25c ./Middlewares/ST/STM32_USB_Device_Library/Core/Src/usbd_ctlreq.o
 .debug_abbrev  0x0000000000001df0      0x18a ./Middlewares/ST/STM32_USB_Device_Library/Core/Src/usbd_ioreq.o
 .debug_abbrev  0x0000000000001f7a      0x18a ./USB_DEVICE/App/usb_device.o
 .debug_abbrev  0x0000000000002104      0x297 ./USB_DEVICE/App/usbd_cdc_if.o
 .debug_abbrev  0x000000000000239b      0x1da ./USB_DEVICE/App/usbd_desc.o
 .debug_abbrev  0x0000000000002575      0x32b ./USB_DEVICE/Target/usbd_conf.o

.debug_aranges  0x0000000000000000      0xb38
 .debug_aranges
                0x0000000000000000       0x38 ./Core/Src/main.o
 .debug_aranges
                0x0000000000000038       0x20 ./Core/Src/stm32f4xx_hal_msp.o
 .debug_aranges
                0x0000000000000058       0x68 ./Core/Src/stm32f4xx_it.o
 .debug_aranges
                0x00000000000000c0       0x28 ./Core/Src/system_stm32f4xx.o
 .debug_aranges
                0x00000000000000e8       0x28 ./Core/Startup/startup_stm32f407vgtx.o
 .debug_aranges
                0x0000000000000110       0xf0 ./Drivers/STM32F4xx_HAL_Driver/Src/stm32f4xx_hal.o
 .debug_aranges
                0x0000000000000200      0x118 ./Drivers/STM32F4xx_HAL_Driver/Src/stm32f4xx_hal_cortex.o
 .debug_aranges
                0x0000000000000318       0x58 ./Drivers/STM32F4xx_HAL_Driver/Src/stm32f4xx_hal_gpio.o
 .debug_aranges
                0x0000000000000370      0x148 ./Drivers/STM32F4xx_HAL_Driver/Src/stm32f4xx_hal_pcd.o
 .debug_aranges
                0x00000000000004b8       0x38 ./Drivers/STM32F4xx_HAL_Driver/Src/stm32f4xx_hal_pcd_ex.o
 .debug_aranges
                0x00000000000004f0       0x88 ./Drivers/STM32F4xx_HAL_Driver/Src/stm32f4xx_hal_rcc.o
 .debug_aranges
                0x0000000000000578      0x1a0 ./Drivers/STM32F4xx_HAL_Driver/Src/stm32f4xx_ll_usb.o
 .debug_aranges
                0x0000000000000718       0x90 ./Middlewares/ST/STM32_USB_Device_Library/Class/CDC/Src/usbd_cdc.o
 .debug_aranges
                0x00000000000007a8       0xd8 ./Middlewares/ST/STM32_USB_Device_Library/Core/Src/usbd_core.o
 .debug_aranges
                0x0000000000000880       0x90 ./Middlewares/ST/STM32_USB_Device_Library/Core/Src/usbd_ctlreq.o
 .debug_aranges
                0x0000000000000910       0x50 ./Middlewares/ST/STM32_USB_Device_Library/Core/Src/usbd_ioreq.o
 .debug_aranges
                0x0000000000000960       0x20 ./USB_DEVICE/App/usb_device.o
 .debug_aranges
                0x0000000000000980       0x48 ./USB_DEVICE/App/usbd_cdc_if.o
 .debug_aranges
                0x00000000000009c8       0x60 ./USB_DEVICE/App/usbd_desc.o
 .debug_aranges
                0x0000000000000a28      0x110 ./USB_DEVICE/Target/usbd_conf.o

.debug_ranges   0x0000000000000000      0xa00
 .debug_ranges  0x0000000000000000       0x28 ./Core/Src/main.o
 .debug_ranges  0x0000000000000028       0x10 ./Core/Src/stm32f4xx_hal_msp.o
 .debug_ranges  0x0000000000000038       0x58 ./Core/Src/stm32f4xx_it.o
 .debug_ranges  0x0000000000000090       0x18 ./Core/Src/system_stm32f4xx.o
 .debug_ranges  0x00000000000000a8       0x20 ./Core/Startup/startup_stm32f407vgtx.o
 .debug_ranges  0x00000000000000c8       0xe0 ./Drivers/STM32F4xx_HAL_Driver/Src/stm32f4xx_hal.o
 .debug_ranges  0x00000000000001a8      0x108 ./Drivers/STM32F4xx_HAL_Driver/Src/stm32f4xx_hal_cortex.o
 .debug_ranges  0x00000000000002b0       0x48 ./Drivers/STM32F4xx_HAL_Driver/Src/stm32f4xx_hal_gpio.o
 .debug_ranges  0x00000000000002f8      0x138 ./Drivers/STM32F4xx_HAL_Driver/Src/stm32f4xx_hal_pcd.o
 .debug_ranges  0x0000000000000430       0x28 ./Drivers/STM32F4xx_HAL_Driver/Src/stm32f4xx_hal_pcd_ex.o
 .debug_ranges  0x0000000000000458       0x78 ./Drivers/STM32F4xx_HAL_Driver/Src/stm32f4xx_hal_rcc.o
 .debug_ranges  0x00000000000004d0      0x190 ./Drivers/STM32F4xx_HAL_Driver/Src/stm32f4xx_ll_usb.o
 .debug_ranges  0x0000000000000660       0x80 ./Middlewares/ST/STM32_USB_Device_Library/Class/CDC/Src/usbd_cdc.o
 .debug_ranges  0x00000000000006e0       0xc8 ./Middlewares/ST/STM32_USB_Device_Library/Core/Src/usbd_core.o
 .debug_ranges  0x00000000000007a8       0x80 ./Middlewares/ST/STM32_USB_Device_Library/Core/Src/usbd_ctlreq.o
 .debug_ranges  0x0000000000000828       0x40 ./Middlewares/ST/STM32_USB_Device_Library/Core/Src/usbd_ioreq.o
 .debug_ranges  0x0000000000000868       0x10 ./USB_DEVICE/App/usb_device.o
 .debug_ranges  0x0000000000000878       0x38 ./USB_DEVICE/App/usbd_cdc_if.o
 .debug_ranges  0x00000000000008b0       0x50 ./USB_DEVICE/App/usbd_desc.o
 .debug_ranges  0x0000000000000900      0x100 ./USB_DEVICE/Target/usbd_conf.o

.debug_macro    0x0000000000000000    0x22b93
 .debug_macro   0x0000000000000000      0x413 ./Core/Src/main.o
 .debug_macro   0x0000000000000413      0xa78 ./Core/Src/main.o
 .debug_macro   0x0000000000000e8b      0x295 ./Core/Src/main.o
 .debug_macro   0x0000000000001120       0x2e ./Core/Src/main.o
 .debug_macro   0x000000000000114e       0x2f ./Core/Src/main.o
 .debug_macro   0x000000000000117d       0x22 ./Core/Src/main.o
 .debug_macro   0x000000000000119f       0x8e ./Core/Src/main.o
 .debug_macro   0x000000000000122d       0x51 ./Core/Src/main.o
 .debug_macro   0x000000000000127e      0x103 ./Core/Src/main.o
 .debug_macro   0x0000000000001381       0x6a ./Core/Src/main.o
 .debug_macro   0x00000000000013eb      0x1df ./Core/Src/main.o
 .debug_macro   0x00000000000015ca       0x1c ./Core/Src/main.o
 .debug_macro   0x00000000000015e6       0x22 ./Core/Src/main.o
 .debug_macro   0x0000000000001608       0xd9 ./Core/Src/main.o
 .debug_macro   0x00000000000016e1     0x102d ./Core/Src/main.o
 .debug_macro   0x000000000000270e      0x11f ./Core/Src/main.o
 .debug_macro   0x000000000000282d    0x15e82 ./Core/Src/main.o
 .debug_macro   0x00000000000186af       0x6d ./Core/Src/main.o
 .debug_macro   0x000000000001871c     0x367e ./Core/Src/main.o
 .debug_macro   0x000000000001bd9a      0x174 ./Core/Src/main.o
 .debug_macro   0x000000000001bf0e       0x5c ./Core/Src/main.o
 .debug_macro   0x000000000001bf6a      0x96b ./Core/Src/main.o
 .debug_macro   0x000000000001c8d5      0x9fe ./Core/Src/main.o
 .debug_macro   0x000000000001d2d3      0x115 ./Core/Src/main.o
 .debug_macro   0x000000000001d3e8      0x13e ./Core/Src/main.o
 .debug_macro   0x000000000001d526       0xa5 ./Core/Src/main.o
 .debug_macro   0x000000000001d5cb      0x174 ./Core/Src/main.o
 .debug_macro   0x000000000001d73f      0x287 ./Core/Src/main.o
 .debug_macro   0x000000000001d9c6       0x5f ./Core/Src/main.o
 .debug_macro   0x000000000001da25      0x236 ./Core/Src/main.o
 .debug_macro   0x000000000001dc5b      0x12c ./Core/Src/main.o
 .debug_macro   0x000000000001dd87      0x21e ./Core/Src/main.o
 .debug_macro   0x000000000001dfa5       0x2e ./Core/Src/main.o
 .debug_macro   0x000000000001dfd3      0x11a ./Core/Src/main.o
 .debug_macro   0x000000000001e0ed       0x7e ./Core/Src/main.o
 .debug_macro   0x000000000001e16b       0x89 ./Core/Src/main.o
 .debug_macro   0x000000000001e1f4      0x248 ./Core/Src/main.o
 .debug_macro   0x000000000001e43c       0xba ./Core/Src/main.o
 .debug_macro   0x000000000001e4f6      0x12d ./Core/Src/main.o
 .debug_macro   0x000000000001e623       0x52 ./Core/Src/main.o
 .debug_macro   0x000000000001e675       0x1e ./Core/Src/main.o
 .debug_macro   0x000000000001e693       0x3c ./Core/Src/main.o
 .debug_macro   0x000000000001e6cf       0x34 ./Core/Src/main.o
 .debug_macro   0x000000000001e703       0x16 ./Core/Src/main.o
 .debug_macro   0x000000000001e719       0x35 ./Core/Src/main.o
 .debug_macro   0x000000000001e74e      0x341 ./Core/Src/main.o
 .debug_macro   0x000000000001ea8f       0x10 ./Core/Src/main.o
 .debug_macro   0x000000000001ea9f       0x16 ./Core/Src/main.o
 .debug_macro   0x000000000001eab5       0x43 ./Core/Src/main.o
 .debug_macro   0x000000000001eaf8       0x34 ./Core/Src/main.o
 .debug_macro   0x000000000001eb2c       0x10 ./Core/Src/main.o
 .debug_macro   0x000000000001eb3c       0x58 ./Core/Src/main.o
 .debug_macro   0x000000000001eb94       0x71 ./Core/Src/main.o
 .debug_macro   0x000000000001ec05       0x1c ./Core/Src/main.o
 .debug_macro   0x000000000001ec21      0x12a ./Core/Src/main.o
 .debug_macro   0x000000000001ed4b       0x10 ./Core/Src/main.o
 .debug_macro   0x000000000001ed5b       0x1c ./Core/Src/main.o
 .debug_macro   0x000000000001ed77       0x52 ./Core/Src/main.o
 .debug_macro   0x000000000001edc9       0x22 ./Core/Src/main.o
 .debug_macro   0x000000000001edeb       0x10 ./Core/Src/main.o
 .debug_macro   0x000000000001edfb       0x52 ./Core/Src/main.o
 .debug_macro   0x000000000001ee4d       0xd5 ./Core/Src/main.o
 .debug_macro   0x000000000001ef22       0x1c ./Core/Src/main.o
 .debug_macro   0x000000000001ef3e       0x3d ./Core/Src/main.o
 .debug_macro   0x000000000001ef7b       0x16 ./Core/Src/main.o
 .debug_macro   0x000000000001ef91      0x145 ./Core/Src/main.o
 .debug_macro   0x000000000001f0d6       0x16 ./Core/Src/main.o
 .debug_macro   0x000000000001f0ec       0x16 ./Core/Src/main.o
 .debug_macro   0x000000000001f102       0x29 ./Core/Src/main.o
 .debug_macro   0x000000000001f12b       0x16 ./Core/Src/main.o
 .debug_macro   0x000000000001f141       0x20 ./Core/Src/main.o
 .debug_macro   0x000000000001f161       0x65 ./Core/Src/main.o
 .debug_macro   0x000000000001f1c6      0x20f ./Core/Src/main.o
 .debug_macro   0x000000000001f3d5       0x95 ./Core/Src/main.o
 .debug_macro   0x000000000001f46a       0x10 ./Core/Src/main.o
 .debug_macro   0x000000000001f47a      0x1de ./Core/Src/stm32f4xx_hal_msp.o
 .debug_macro   0x000000000001f658      0x1e8 ./Core/Src/stm32f4xx_it.o
 .debug_macro   0x000000000001f840      0x1d4 ./Core/Src/system_stm32f4xx.o
 .debug_macro   0x000000000001fa14      0x234 ./Drivers/STM32F4xx_HAL_Driver/Src/stm32f4xx_hal.o
 .debug_macro   0x000000000001fc48      0x1d4 ./Drivers/STM32F4xx_HAL_Driver/Src/stm32f4xx_hal_cortex.o
 .debug_macro   0x000000000001fe1c      0x1da ./Drivers/STM32F4xx_HAL_Driver/Src/stm32f4xx_hal_gpio.o
 .debug_macro   0x000000000001fff6      0x1e0 ./Drivers/STM32F4xx_HAL_Driver/Src/stm32f4xx_hal_pcd.o
 .debug_macro   0x00000000000201d6      0x1d4 ./Drivers/STM32F4xx_HAL_Driver/Src/stm32f4xx_hal_pcd_ex.o
 .debug_macro   0x00000000000203aa      0x1f8 ./Drivers/STM32F4xx_HAL_Driver/Src/stm32f4xx_hal_rcc.o
 .debug_macro   0x00000000000205a2      0x1d4 ./Drivers/STM32F4xx_HAL_Driver/Src/stm32f4xx_ll_usb.o
 .debug_macro   0x0000000000020776      0x3f4 ./Middlewares/ST/STM32_USB_Device_Library/Class/CDC/Src/usbd_cdc.o
 .debug_macro   0x0000000000020b6a       0x97 ./Middlewares/ST/STM32_USB_Device_Library/Class/CDC/Src/usbd_cdc.o
 .debug_macro   0x0000000000020c01       0xfd ./Middlewares/ST/STM32_USB_Device_Library/Class/CDC/Src/usbd_cdc.o
 .debug_macro   0x0000000000020cfe       0x56 ./Middlewares/ST/STM32_USB_Device_Library/Class/CDC/Src/usbd_cdc.o
 .debug_macro   0x0000000000020d54      0x3db ./Middlewares/ST/STM32_USB_Device_Library/Core/Src/usbd_core.o
 .debug_macro   0x000000000002112f      0x215 ./Middlewares/ST/STM32_USB_Device_Library/Core/Src/usbd_core.o
 .debug_macro   0x0000000000021344      0x3e5 ./Middlewares/ST/STM32_USB_Device_Library/Core/Src/usbd_ctlreq.o
 .debug_macro   0x0000000000021729      0x3e1 ./Middlewares/ST/STM32_USB_Device_Library/Core/Src/usbd_ioreq.o
 .debug_macro   0x0000000000021b0a      0x41a ./USB_DEVICE/App/usb_device.o
 .debug_macro   0x0000000000021f24       0x22 ./USB_DEVICE/App/usb_device.o
 .debug_macro   0x0000000000021f46       0x16 ./USB_DEVICE/App/usb_device.o
 .debug_macro   0x0000000000021f5c      0x3ff ./USB_DEVICE/App/usbd_cdc_if.o
 .debug_macro   0x000000000002235b      0x41e ./USB_DEVICE/App/usbd_desc.o
 .debug_macro   0x0000000000022779       0x1c ./USB_DEVICE/App/usbd_desc.o
 .debug_macro   0x0000000000022795      0x3fe ./USB_DEVICE/Target/usbd_conf.o

.debug_line     0x0000000000000000     0xec42
 .debug_line    0x0000000000000000      0xa96 ./Core/Src/main.o
 .debug_line    0x0000000000000a96      0x6be ./Core/Src/stm32f4xx_hal_msp.o
 .debug_line    0x0000000000001154      0x798 ./Core/Src/stm32f4xx_it.o
 .debug_line    0x00000000000018ec      0x73f ./Core/Src/system_stm32f4xx.o
 .debug_line    0x000000000000202b       0x88 ./Core/Startup/startup_stm32f407vgtx.o
 .debug_line    0x00000000000020b3      0x9a5 ./Drivers/STM32F4xx_HAL_Driver/Src/stm32f4xx_hal.o
 .debug_line    0x0000000000002a58      0xc54 ./Drivers/STM32F4xx_HAL_Driver/Src/stm32f4xx_hal_cortex.o
 .debug_line    0x00000000000036ac      0xb19 ./Drivers/STM32F4xx_HAL_Driver/Src/stm32f4xx_hal_gpio.o
 .debug_line    0x00000000000041c5     0x1448 ./Drivers/STM32F4xx_HAL_Driver/Src/stm32f4xx_hal_pcd.o
 .debug_line    0x000000000000560d      0x788 ./Drivers/STM32F4xx_HAL_Driver/Src/stm32f4xx_hal_pcd_ex.o
 .debug_line    0x0000000000005d95      0xd21 ./Drivers/STM32F4xx_HAL_Driver/Src/stm32f4xx_hal_rcc.o
 .debug_line    0x0000000000006ab6     0x1a62 ./Drivers/STM32F4xx_HAL_Driver/Src/stm32f4xx_ll_usb.o
 .debug_line    0x0000000000008518      0xed1 ./Middlewares/ST/STM32_USB_Device_Library/Class/CDC/Src/usbd_cdc.o
 .debug_line    0x00000000000093e9      0xf4b ./Middlewares/ST/STM32_USB_Device_Library/Core/Src/usbd_core.o
 .debug_line    0x000000000000a334     0x111c ./Middlewares/ST/STM32_USB_Device_Library/Core/Src/usbd_ctlreq.o
 .debug_line    0x000000000000b450      0xa63 ./Middlewares/ST/STM32_USB_Device_Library/Core/Src/usbd_ioreq.o
 .debug_line    0x000000000000beb3      0xa1f ./USB_DEVICE/App/usb_device.o
 .debug_line    0x000000000000c8d2      0xa83 ./USB_DEVICE/App/usbd_cdc_if.o
 .debug_line    0x000000000000d355      0xae8 ./USB_DEVICE/App/usbd_desc.o
 .debug_line    0x000000000000de3d      0xe05 ./USB_DEVICE/Target/usbd_conf.o

.debug_str      0x0000000000000000    0xc3dbc
 .debug_str     0x0000000000000000    0xc07f8 ./Core/Src/main.o
                                      0xc0ae6 (size before relaxing)
 .debug_str     0x00000000000c07f8       0x49 ./Core/Src/stm32f4xx_hal_msp.o
                                      0xbbc9c (size before relaxing)
 .debug_str     0x00000000000c0841      0x47e ./Core/Src/stm32f4xx_it.o
                                      0xbc01b (size before relaxing)
 .debug_str     0x00000000000c0cbf       0xdb ./Core/Src/system_stm32f4xx.o
                                      0xbbd2f (size before relaxing)
 .debug_str     0x00000000000c0d9a       0x36 ./Core/Startup/startup_stm32f407vgtx.o
                                         0x8a (size before relaxing)
 .debug_str     0x00000000000c0dd0      0xae0 ./Drivers/STM32F4xx_HAL_Driver/Src/stm32f4xx_hal.o
                                      0xbc8b3 (size before relaxing)
 .debug_str     0x00000000000c18b0      0x359 ./Drivers/STM32F4xx_HAL_Driver/Src/stm32f4xx_hal_cortex.o
                                      0xbc5e6 (size before relaxing)
 .debug_str     0x00000000000c1c09      0x1cd ./Drivers/STM32F4xx_HAL_Driver/Src/stm32f4xx_hal_gpio.o
                                      0xbbeaa (size before relaxing)
 .debug_str     0x00000000000c1dd6      0x832 ./Drivers/STM32F4xx_HAL_Driver/Src/stm32f4xx_hal_pcd.o
                                      0xbc7f1 (size before relaxing)
 .debug_str     0x00000000000c2608      0x115 ./Drivers/STM32F4xx_HAL_Driver/Src/stm32f4xx_hal_pcd_ex.o
                                      0xbc0e0 (size before relaxing)
 .debug_str     0x00000000000c271d      0x22f ./Drivers/STM32F4xx_HAL_Driver/Src/stm32f4xx_hal_rcc.o
                                      0xbc163 (size before relaxing)
 .debug_str     0x00000000000c294c      0x44d ./Drivers/STM32F4xx_HAL_Driver/Src/stm32f4xx_ll_usb.o
                                      0xbc659 (size before relaxing)
 .debug_str     0x00000000000c2d99      0x6fe ./Middlewares/ST/STM32_USB_Device_Library/Class/CDC/Src/usbd_cdc.o
                                      0xc1341 (size before relaxing)
 .debug_str     0x00000000000c3497      0x35c ./Middlewares/ST/STM32_USB_Device_Library/Core/Src/usbd_core.o
                                      0xc0cb7 (size before relaxing)
 .debug_str     0x00000000000c37f3      0x139 ./Middlewares/ST/STM32_USB_Device_Library/Core/Src/usbd_ctlreq.o
                                      0xc0ae2 (size before relaxing)
 .debug_str     0x00000000000c392c       0x51 ./Middlewares/ST/STM32_USB_Device_Library/Core/Src/usbd_ioreq.o
                                      0xc09b7 (size before relaxing)
 .debug_str     0x00000000000c397d       0xc6 ./USB_DEVICE/App/usb_device.o
                                      0xc0d6a (size before relaxing)
 .debug_str     0x00000000000c3a43       0x98 ./USB_DEVICE/App/usbd_cdc_if.o
                                      0xc0db8 (size before relaxing)
 .debug_str     0x00000000000c3adb      0x26e ./USB_DEVICE/App/usbd_desc.o
                                      0xc08b7 (size before relaxing)
 .debug_str     0x00000000000c3d49       0x73 ./USB_DEVICE/Target/usbd_conf.o
                                      0xc1b8f (size before relaxing)

.comment        0x0000000000000000       0x50
 .comment       0x0000000000000000       0x50 ./Core/Src/main.o
                                         0x51 (size before relaxing)
 .comment       0x0000000000000050       0x51 ./Core/Src/stm32f4xx_hal_msp.o
 .comment       0x0000000000000050       0x51 ./Core/Src/stm32f4xx_it.o
 .comment       0x0000000000000050       0x51 ./Core/Src/system_stm32f4xx.o
 .comment       0x0000000000000050       0x51 ./Drivers/STM32F4xx_HAL_Driver/Src/stm32f4xx_hal.o
 .comment       0x0000000000000050       0x51 ./Drivers/STM32F4xx_HAL_Driver/Src/stm32f4xx_hal_cortex.o
 .comment       0x0000000000000050       0x51 ./Drivers/STM32F4xx_HAL_Driver/Src/stm32f4xx_hal_gpio.o
 .comment       0x0000000000000050       0x51 ./Drivers/STM32F4xx_HAL_Driver/Src/stm32f4xx_hal_pcd.o
 .comment       0x0000000000000050       0x51 ./Drivers/STM32F4xx_HAL_Driver/Src/stm32f4xx_hal_pcd_ex.o
 .comment       0x0000000000000050       0x51 ./Drivers/STM32F4xx_HAL_Driver/Src/stm32f4xx_hal_rcc.o
 .comment       0x0000000000000050       0x51 ./Drivers/STM32F4xx_HAL_Driver/Src/stm32f4xx_ll_usb.o
 .comment       0x0000000000000050       0x51 ./Middlewares/ST/STM32_USB_Device_Library/Class/CDC/Src/usbd_cdc.o
 .comment       0x0000000000000050       0x51 ./Middlewares/ST/STM32_USB_Device_Library/Core/Src/usbd_core.o
 .comment       0x0000000000000050       0x51 ./Middlewares/ST/STM32_USB_Device_Library/Core/Src/usbd_ctlreq.o
 .comment       0x0000000000000050       0x51 ./Middlewares/ST/STM32_USB_Device_Library/Core/Src/usbd_ioreq.o
 .comment       0x0000000000000050       0x51 ./USB_DEVICE/App/usb_device.o
 .comment       0x0000000000000050       0x51 ./USB_DEVICE/App/usbd_cdc_if.o
 .comment       0x0000000000000050       0x51 ./USB_DEVICE/App/usbd_desc.o
 .comment       0x0000000000000050       0x51 ./USB_DEVICE/Target/usbd_conf.o

.debug_frame    0x0000000000000000     0x2c80
 .debug_frame   0x0000000000000000       0x90 ./Core/Src/main.o
 .debug_frame   0x0000000000000090       0x34 ./Core/Src/stm32f4xx_hal_msp.o
 .debug_frame   0x00000000000000c4      0x120 ./Core/Src/stm32f4xx_it.o
 .debug_frame   0x00000000000001e4       0x58 ./Core/Src/system_stm32f4xx.o
 .debug_frame   0x000000000000023c      0x374 ./Drivers/STM32F4xx_HAL_Driver/Src/stm32f4xx_hal.o
 .debug_frame   0x00000000000005b0      0x498 ./Drivers/STM32F4xx_HAL_Driver/Src/stm32f4xx_hal_cortex.o
 .debug_frame   0x0000000000000a48      0x14c ./Drivers/STM32F4xx_HAL_Driver/Src/stm32f4xx_hal_gpio.o
 .debug_frame   0x0000000000000b94      0x5bc ./Drivers/STM32F4xx_HAL_Driver/Src/stm32f4xx_hal_pcd.o
 .debug_frame   0x0000000000001150       0xb0 ./Drivers/STM32F4xx_HAL_Driver/Src/stm32f4xx_hal_pcd_ex.o
 .debug_frame   0x0000000000001200      0x1f4 ./Drivers/STM32F4xx_HAL_Driver/Src/stm32f4xx_hal_rcc.o
 .debug_frame   0x00000000000013f4      0x7c0 ./Drivers/STM32F4xx_HAL_Driver/Src/stm32f4xx_ll_usb.o
 .debug_frame   0x0000000000001bb4      0x23c ./Middlewares/ST/STM32_USB_Device_Library/Class/CDC/Src/usbd_cdc.o
 .debug_frame   0x0000000000001df0      0x390 ./Middlewares/ST/STM32_USB_Device_Library/Core/Src/usbd_core.o
 .debug_frame   0x0000000000002180      0x23c ./Middlewares/ST/STM32_USB_Device_Library/Core/Src/usbd_ctlreq.o
 .debug_frame   0x00000000000023bc      0x10c ./Middlewares/ST/STM32_USB_Device_Library/Core/Src/usbd_ioreq.o
 .debug_frame   0x00000000000024c8       0x2c ./USB_DEVICE/App/usb_device.o
 .debug_frame   0x00000000000024f4       0xe4 ./USB_DEVICE/App/usbd_cdc_if.o
 .debug_frame   0x00000000000025d8      0x160 ./USB_DEVICE/App/usbd_desc.o
 .debug_frame   0x0000000000002738      0x47c ./USB_DEVICE/Target/usbd_conf.o
 .debug_frame   0x0000000000002bb4       0x2c c:/st/stm32cubeide_1.8.0/stm32cubeide/plugins/com.st.stm32cube.ide.mcu.externaltools.gnu-tools-for-stm32.10.3-2021.10.win32_1.0.100.202210260954/tools/bin/../lib/gcc/arm-none-eabi/10.3.1/../../../../arm-none-eabi/lib/thumb/v7e-m+fp/hard\libc_nano.a(lib_a-init.o)
 .debug_frame   0x0000000000002be0       0x20 c:/st/stm32cubeide_1.8.0/stm32cubeide/plugins/com.st.stm32cube.ide.mcu.externaltools.gnu-tools-for-stm32.10.3-2021.10.win32_1.0.100.202210260954/tools/bin/../lib/gcc/arm-none-eabi/10.3.1/../../../../arm-none-eabi/lib/thumb/v7e-m+fp/hard\libc_nano.a(lib_a-memset.o)
 .debug_frame   0x0000000000002c00       0x20 c:/st/stm32cubeide_1.8.0/stm32cubeide/plugins/com.st.stm32cube.ide.mcu.externaltools.gnu-tools-for-stm32.10.3-2021.10.win32_1.0.100.202210260954/tools/bin/../lib/gcc/arm-none-eabi/10.3.1/../../../../arm-none-eabi/lib/thumb/v7e-m+fp/hard\libc_nano.a(lib_a-strcpy.o)
 .debug_frame   0x0000000000002c20       0x2c c:/st/stm32cubeide_1.8.0/stm32cubeide/plugins/com.st.stm32cube.ide.mcu.externaltools.gnu-tools-for-stm32.10.3-2021.10.win32_1.0.100.202210260954/tools/bin/../lib/gcc/arm-none-eabi/10.3.1/thumb/v7e-m+fp/hard\libgcc.a(_aeabi_uldivmod.o)
 .debug_frame   0x0000000000002c4c       0x34 c:/st/stm32cubeide_1.8.0/stm32cubeide/plugins/com.st.stm32cube.ide.mcu.externaltools.gnu-tools-for-stm32.10.3-2021.10.win32_1.0.100.202210260954/tools/bin/../lib/gcc/arm-none-eabi/10.3.1/thumb/v7e-m+fp/hard\libgcc.a(_udivmoddi4.o)
